<?xml version="1.0"?>
<link_info>
   <banner>TMS320C6x Linker PC v7.4.8</banner>
   <copyright>Copyright (c) 1996-2014 Texas Instruments Incorporated</copyright>
   <link_time>0x55072990</link_time>
   <output_file>lab5dsp.out</output_file>
   <entry_point>
      <name>_c_int00</name>
      <address>0x2540</address>
   </entry_point>
   <input_file_list>
      <input_file id="fl-2">
         <path>.\</path>
         <kind>object</kind>
         <file>dsplab.obj</file>
         <name>dsplab.obj</name>
      </input_file>
      <input_file id="fl-3">
         <path>.\</path>
         <kind>object</kind>
         <file>template.obj</file>
         <name>template.obj</name>
      </input_file>
      <input_file id="fl-4">
         <path>.\</path>
         <kind>object</kind>
         <file>vectors.obj</file>
         <name>vectors.obj</name>
      </input_file>
      <input_file id="fl-81">
         <path>c:\ti\ccsv6\tools\compiler\c6000_7.4.8\lib\</path>
         <kind>archive</kind>
         <file>rts6200.lib</file>
         <name>boot.obj</name>
      </input_file>
      <input_file id="fl-82">
         <path>c:\ti\ccsv6\tools\compiler\c6000_7.4.8\lib\</path>
         <kind>archive</kind>
         <file>rts6200.lib</file>
         <name>exit.obj</name>
      </input_file>
      <input_file id="fl-83">
         <path>c:\ti\ccsv6\tools\compiler\c6000_7.4.8\lib\</path>
         <kind>archive</kind>
         <file>rts6200.lib</file>
         <name>fixfi.obj</name>
      </input_file>
      <input_file id="fl-84">
         <path>c:\ti\ccsv6\tools\compiler\c6000_7.4.8\lib\</path>
         <kind>archive</kind>
         <file>rts6200.lib</file>
         <name>fltif.obj</name>
      </input_file>
      <input_file id="fl-85">
         <path>c:\ti\ccsv6\tools\compiler\c6000_7.4.8\lib\</path>
         <kind>archive</kind>
         <file>rts6200.lib</file>
         <name>mpyf.obj</name>
      </input_file>
      <input_file id="fl-86">
         <path>c:\ti\ccsv6\tools\compiler\c6000_7.4.8\lib\</path>
         <kind>archive</kind>
         <file>rts6200.lib</file>
         <name>args_main.obj</name>
      </input_file>
      <input_file id="fl-87">
         <path>c:\ti\ccsv6\tools\compiler\c6000_7.4.8\lib\</path>
         <kind>archive</kind>
         <file>rts6200.lib</file>
         <name>autoinit.obj</name>
      </input_file>
      <input_file id="fl-88">
         <path>c:\ti\ccsv6\tools\compiler\c6000_7.4.8\lib\</path>
         <kind>archive</kind>
         <file>rts6200.lib</file>
         <name>cpp_init.obj</name>
      </input_file>
      <input_file id="fl-89">
         <path>c:\ti\ccsv6\tools\compiler\c6000_7.4.8\lib\</path>
         <kind>archive</kind>
         <file>rts6200.lib</file>
         <name>cpy_tbl.obj</name>
      </input_file>
      <input_file id="fl-8a">
         <path>c:\ti\ccsv6\tools\compiler\c6000_7.4.8\lib\</path>
         <kind>archive</kind>
         <file>rts6200.lib</file>
         <name>frcmpyf.obj</name>
      </input_file>
      <input_file id="fl-8b">
         <path>c:\ti\ccsv6\tools\compiler\c6000_7.4.8\lib\</path>
         <kind>archive</kind>
         <file>rts6200.lib</file>
         <name>memcpy62.obj</name>
      </input_file>
      <input_file id="fl-8c">
         <path>C:\ti\DSK6713\DSK6713\c6000\dsk6713\lib\</path>
         <kind>archive</kind>
         <file>dsk6713bsl.lib</file>
         <name>dsk6713.obj</name>
      </input_file>
      <input_file id="fl-8d">
         <path>C:\ti\DSK6713\DSK6713\c6000\dsk6713\lib\</path>
         <kind>archive</kind>
         <file>dsk6713bsl.lib</file>
         <name>dsk6713_aic23_opencodec.obj</name>
      </input_file>
      <input_file id="fl-8e">
         <path>C:\ti\DSK6713\DSK6713\c6000\dsk6713\lib\</path>
         <kind>archive</kind>
         <file>dsk6713bsl.lib</file>
         <name>dsk6713_aic23_registers.obj</name>
      </input_file>
      <input_file id="fl-8f">
         <path>C:\ti\DSK6713\DSK6713\c6000\dsk6713\lib\</path>
         <kind>archive</kind>
         <file>dsk6713bsl.lib</file>
         <name>dsk6713_aic23_setfreq.obj</name>
      </input_file>
      <input_file id="fl-90">
         <path>C:\ti\C6xCSL\lib_3x\</path>
         <kind>archive</kind>
         <file>csl6713.lib</file>
         <name>csl_irq.obj</name>
      </input_file>
      <input_file id="fl-91">
         <path>C:\ti\C6xCSL\lib_3x\</path>
         <kind>archive</kind>
         <file>csl6713.lib</file>
         <name>csl_mcbsp.obj</name>
      </input_file>
      <input_file id="fl-92">
         <path>c:\ti\ccsv6\tools\compiler\c6000_7.4.8\lib\</path>
         <kind>archive</kind>
         <file>rts6200.lib</file>
         <name>strasg.obj</name>
      </input_file>
   </input_file_list>
   <object_component_list>
      <object_component id="oc-1d">
         <name>.vectors</name>
         <load_address>0x0</load_address>
         <run_address>0x0</run_address>
         <size>0x200</size>
         <input_file_ref idref="fl-4"/>
      </object_component>
      <object_component id="oc-6e">
         <name>.text</name>
         <load_address>0x220</load_address>
         <run_address>0x220</run_address>
         <size>0x7c0</size>
         <input_file_ref idref="fl-2"/>
      </object_component>
      <object_component id="oc-45">
         <name>.text</name>
         <load_address>0x9e0</load_address>
         <run_address>0x9e0</run_address>
         <size>0x480</size>
         <input_file_ref idref="fl-8c"/>
      </object_component>
      <object_component id="oc-4b">
         <name>.text</name>
         <load_address>0xe60</load_address>
         <run_address>0xe60</run_address>
         <size>0x300</size>
         <input_file_ref idref="fl-8d"/>
      </object_component>
      <object_component id="oc-70">
         <name>.text:__mpyf</name>
         <load_address>0x1160</load_address>
         <run_address>0x1160</run_address>
         <size>0x260</size>
         <input_file_ref idref="fl-85"/>
      </object_component>
      <object_component id="oc-76">
         <name>.text:_memcpy</name>
         <load_address>0x13c0</load_address>
         <run_address>0x13c0</run_address>
         <size>0x240</size>
         <input_file_ref idref="fl-8b"/>
      </object_component>
      <object_component id="oc-18">
         <name>.text:retain</name>
         <load_address>0x1600</load_address>
         <run_address>0x1600</run_address>
         <size>0x200</size>
         <input_file_ref idref="fl-3"/>
      </object_component>
      <object_component id="oc-7d">
         <name>.text:_IRQ_map</name>
         <load_address>0x1800</load_address>
         <run_address>0x1800</run_address>
         <size>0x1c0</size>
         <input_file_ref idref="fl-90"/>
      </object_component>
      <object_component id="oc-87">
         <name>.text:_MCBSP_reset</name>
         <load_address>0x19c0</load_address>
         <run_address>0x19c0</run_address>
         <size>0x1a0</size>
         <input_file_ref idref="fl-91"/>
      </object_component>
      <object_component id="oc-51">
         <name>.text</name>
         <load_address>0x1b60</load_address>
         <run_address>0x1b60</run_address>
         <size>0x140</size>
         <input_file_ref idref="fl-8e"/>
      </object_component>
      <object_component id="oc-73">
         <name>.text:_MCBSP_open</name>
         <load_address>0x1ca0</load_address>
         <run_address>0x1ca0</run_address>
         <size>0x100</size>
         <input_file_ref idref="fl-91"/>
      </object_component>
      <object_component id="oc-74">
         <name>.text:_MCBSP_start</name>
         <load_address>0x1da0</load_address>
         <run_address>0x1da0</run_address>
         <size>0x100</size>
         <input_file_ref idref="fl-91"/>
      </object_component>
      <object_component id="oc-6b">
         <name>.text:__auto_init</name>
         <load_address>0x1ea0</load_address>
         <run_address>0x1ea0</run_address>
         <size>0x100</size>
         <input_file_ref idref="fl-87"/>
      </object_component>
      <object_component id="oc-72">
         <name>.text:__strasg</name>
         <load_address>0x1fa0</load_address>
         <run_address>0x1fa0</run_address>
         <size>0xe0</size>
         <input_file_ref idref="fl-92"/>
      </object_component>
      <object_component id="oc-6d">
         <name>.text:_exit</name>
         <load_address>0x2080</load_address>
         <run_address>0x2080</run_address>
         <size>0xe0</size>
         <input_file_ref idref="fl-82"/>
      </object_component>
      <object_component id="oc-75">
         <name>.text:_copy_in</name>
         <load_address>0x2160</load_address>
         <run_address>0x2160</run_address>
         <size>0xc0</size>
         <input_file_ref idref="fl-89"/>
      </object_component>
      <object_component id="oc-57">
         <name>.text</name>
         <load_address>0x2220</load_address>
         <run_address>0x2220</run_address>
         <size>0xc0</size>
         <input_file_ref idref="fl-8f"/>
      </object_component>
      <object_component id="oc-7b">
         <name>.text:_MCBSP_config</name>
         <load_address>0x22e0</load_address>
         <run_address>0x22e0</run_address>
         <size>0xa0</size>
         <input_file_ref idref="fl-91"/>
      </object_component>
      <object_component id="oc-71">
         <name>.text:__fixfi</name>
         <load_address>0x2380</load_address>
         <run_address>0x2380</run_address>
         <size>0xa0</size>
         <input_file_ref idref="fl-83"/>
      </object_component>
      <object_component id="oc-88">
         <name>.text:_setMux</name>
         <load_address>0x2420</load_address>
         <run_address>0x2420</run_address>
         <size>0xa0</size>
         <input_file_ref idref="fl-90"/>
      </object_component>
      <object_component id="oc-77">
         <name>.text:___TI_cpp_init</name>
         <load_address>0x24c0</load_address>
         <run_address>0x24c0</run_address>
         <size>0x80</size>
         <input_file_ref idref="fl-88"/>
      </object_component>
      <object_component id="oc-e">
         <name>.text:_c_int00</name>
         <load_address>0x2540</load_address>
         <run_address>0x2540</run_address>
         <size>0x80</size>
         <input_file_ref idref="fl-81"/>
      </object_component>
      <object_component id="oc-6f">
         <name>.text:__fltif</name>
         <load_address>0x25c0</load_address>
         <run_address>0x25c0</run_address>
         <size>0x60</size>
         <input_file_ref idref="fl-84"/>
      </object_component>
      <object_component id="oc-86">
         <name>.text:__frcmpyf</name>
         <load_address>0x2620</load_address>
         <run_address>0x2620</run_address>
         <size>0x60</size>
         <input_file_ref idref="fl-8a"/>
      </object_component>
      <object_component id="oc-78">
         <name>.text</name>
         <load_address>0x2680</load_address>
         <run_address>0x2680</run_address>
         <size>0x60</size>
         <input_file_ref idref="fl-3"/>
      </object_component>
      <object_component id="oc-81">
         <name>.text:_IRQ_enable</name>
         <load_address>0x26e0</load_address>
         <run_address>0x26e0</run_address>
         <size>0x40</size>
         <input_file_ref idref="fl-90"/>
      </object_component>
      <object_component id="oc-7e">
         <name>.text:_IRQ_reset</name>
         <load_address>0x2720</load_address>
         <run_address>0x2720</run_address>
         <size>0x40</size>
         <input_file_ref idref="fl-90"/>
      </object_component>
      <object_component id="oc-6c">
         <name>.text:__args_main</name>
         <load_address>0x2760</load_address>
         <run_address>0x2760</run_address>
         <size>0x40</size>
         <input_file_ref idref="fl-86"/>
      </object_component>
      <object_component id="oc-7a">
         <name>.text:_IRQ_globalDisable</name>
         <load_address>0x27a0</load_address>
         <run_address>0x27a0</run_address>
         <size>0x20</size>
         <input_file_ref idref="fl-90"/>
      </object_component>
      <object_component id="oc-7f">
         <name>.text:_IRQ_globalEnable</name>
         <load_address>0x27c0</load_address>
         <run_address>0x27c0</run_address>
         <size>0x20</size>
         <input_file_ref idref="fl-90"/>
      </object_component>
      <object_component id="oc-80">
         <name>.text:_IRQ_nmiEnable</name>
         <load_address>0x27e0</load_address>
         <run_address>0x27e0</run_address>
         <size>0x20</size>
         <input_file_ref idref="fl-90"/>
      </object_component>
      <object_component id="oc-7c">
         <name>.text:_MCBSP_getXmtEventId</name>
         <load_address>0x2800</load_address>
         <run_address>0x2800</run_address>
         <size>0x20</size>
         <input_file_ref idref="fl-91"/>
      </object_component>
      <object_component id="oc-84">
         <name>.text:_MCBSP_read</name>
         <load_address>0x2820</load_address>
         <run_address>0x2820</run_address>
         <size>0x20</size>
         <input_file_ref idref="fl-91"/>
      </object_component>
      <object_component id="oc-83">
         <name>.text:_MCBSP_rrdy</name>
         <load_address>0x2840</load_address>
         <run_address>0x2840</run_address>
         <size>0x20</size>
         <input_file_ref idref="fl-91"/>
      </object_component>
      <object_component id="oc-85">
         <name>.text:_MCBSP_write</name>
         <load_address>0x2860</load_address>
         <run_address>0x2860</run_address>
         <size>0x20</size>
         <input_file_ref idref="fl-91"/>
      </object_component>
      <object_component id="oc-82">
         <name>.text:_MCBSP_xrdy</name>
         <load_address>0x2880</load_address>
         <run_address>0x2880</run_address>
         <size>0x20</size>
         <input_file_ref idref="fl-91"/>
      </object_component>
      <object_component id="oc-79">
         <name>.text:_abort</name>
         <load_address>0x28a0</load_address>
         <run_address>0x28a0</run_address>
         <size>0x20</size>
         <input_file_ref idref="fl-82"/>
      </object_component>
      <object_component id="oc-5d">
         <name>.text</name>
         <load_address>0x28c0</load_address>
         <run_address>0x28c0</run_address>
         <size>0x20</size>
         <input_file_ref idref="fl-90"/>
      </object_component>
      <object_component id="oc-1c">
         <name>.text</name>
         <load_address>0x28e0</load_address>
         <run_address>0x28e0</run_address>
         <size>0x20</size>
         <input_file_ref idref="fl-4"/>
      </object_component>
      <object_component id="oc-5e">
         <name>.cinit</name>
         <load_address>0x2d00</load_address>
         <run_address>0x2d00</run_address>
         <size>0x12c</size>
         <input_file_ref idref="fl-90"/>
      </object_component>
      <object_component id="oc-10">
         <name>.cinit</name>
         <load_address>0x2e30</load_address>
         <run_address>0x2e30</run_address>
         <size>0x58</size>
         <input_file_ref idref="fl-2"/>
      </object_component>
      <object_component id="oc-63">
         <name>.cinit</name>
         <load_address>0x2e88</load_address>
         <run_address>0x2e88</run_address>
         <size>0x54</size>
         <input_file_ref idref="fl-91"/>
      </object_component>
      <object_component id="oc-52">
         <name>.cinit</name>
         <load_address>0x2ee0</load_address>
         <run_address>0x2ee0</run_address>
         <size>0x30</size>
         <input_file_ref idref="fl-8e"/>
      </object_component>
      <object_component id="oc-26">
         <name>.cinit</name>
         <load_address>0x2f10</load_address>
         <run_address>0x2f10</run_address>
         <size>0x2c</size>
         <input_file_ref idref="fl-82"/>
      </object_component>
      <object_component id="oc-58">
         <name>.cinit</name>
         <load_address>0x2f40</load_address>
         <run_address>0x2f40</run_address>
         <size>0x28</size>
         <input_file_ref idref="fl-8f"/>
      </object_component>
      <object_component id="oc-16">
         <name>.cinit</name>
         <load_address>0x2f68</load_address>
         <run_address>0x2f68</run_address>
         <size>0xc</size>
         <input_file_ref idref="fl-3"/>
      </object_component>
      <object_component id="oc-22">
         <name>.stack</name>
         <uninitialized>true</uninitialized>
         <run_address>0x2900</run_address>
         <size>0x8</size>
         <input_file_ref idref="fl-81"/>
      </object_component>
      <object_component id="oc-9e">
         <name>.stack</name>
         <uninitialized>true</uninitialized>
         <run_address>0x2900</run_address>
         <size>0x0</size>
      </object_component>
      <object_component id="oc-4d">
         <name>.const</name>
         <load_address>0x3168</load_address>
         <run_address>0x3168</run_address>
         <size>0x40</size>
         <input_file_ref idref="fl-8d"/>
      </object_component>
      <object_component id="oc-47">
         <name>.const</name>
         <load_address>0x31a8</load_address>
         <run_address>0x31a8</run_address>
         <size>0x20</size>
         <input_file_ref idref="fl-8c"/>
      </object_component>
      <object_component id="oc-11">
         <name>.far</name>
         <uninitialized>true</uninitialized>
         <run_address>0x3070</run_address>
         <size>0x54</size>
         <input_file_ref idref="fl-2"/>
      </object_component>
      <object_component id="oc-17">
         <name>.far</name>
         <uninitialized>true</uninitialized>
         <run_address>0x3150</run_address>
         <size>0xc</size>
         <input_file_ref idref="fl-3"/>
      </object_component>
      <object_component id="oc-27">
         <name>.far</name>
         <uninitialized>true</uninitialized>
         <run_address>0x3144</run_address>
         <size>0xc</size>
         <input_file_ref idref="fl-82"/>
      </object_component>
      <object_component id="oc-46">
         <name>.far</name>
         <uninitialized>true</uninitialized>
         <run_address>0x3164</run_address>
         <size>0x2</size>
         <input_file_ref idref="fl-8c"/>
      </object_component>
      <object_component id="oc-4c">
         <name>.far</name>
         <uninitialized>true</uninitialized>
         <run_address>0x315c</run_address>
         <size>0x8</size>
         <input_file_ref idref="fl-8d"/>
      </object_component>
      <object_component id="oc-53">
         <name>.far</name>
         <uninitialized>true</uninitialized>
         <run_address>0x30fc</run_address>
         <size>0x28</size>
         <input_file_ref idref="fl-8e"/>
      </object_component>
      <object_component id="oc-59">
         <name>.far</name>
         <uninitialized>true</uninitialized>
         <run_address>0x3124</run_address>
         <size>0x20</size>
         <input_file_ref idref="fl-8f"/>
      </object_component>
      <object_component id="oc-5f">
         <name>.far</name>
         <uninitialized>true</uninitialized>
         <run_address>0x2f7c</run_address>
         <size>0xf4</size>
         <input_file_ref idref="fl-90"/>
      </object_component>
      <object_component id="oc-64">
         <name>.far</name>
         <uninitialized>true</uninitialized>
         <run_address>0x30c4</run_address>
         <size>0x38</size>
         <input_file_ref idref="fl-91"/>
      </object_component>
      <object_component id="oc-f">
         <name>.debug_info</name>
         <load_address>0x0</load_address>
         <run_address>0x0</run_address>
         <size>0x140d</size>
         <input_file_ref idref="fl-2"/>
      </object_component>
      <object_component id="oc-15">
         <name>.debug_info</name>
         <load_address>0x140d</load_address>
         <run_address>0x140d</run_address>
         <size>0x86d</size>
         <input_file_ref idref="fl-3"/>
      </object_component>
      <object_component id="oc-1e">
         <name>.debug_info</name>
         <load_address>0x1c7a</load_address>
         <run_address>0x1c7a</run_address>
         <size>0xe5</size>
         <input_file_ref idref="fl-4"/>
      </object_component>
      <object_component id="oc-21">
         <name>.debug_info</name>
         <load_address>0x1d5f</load_address>
         <run_address>0x1d5f</run_address>
         <size>0x6f5</size>
         <input_file_ref idref="fl-81"/>
      </object_component>
      <object_component id="oc-25">
         <name>.debug_info</name>
         <load_address>0x2454</load_address>
         <run_address>0x2454</run_address>
         <size>0x7cf</size>
         <input_file_ref idref="fl-82"/>
      </object_component>
      <object_component id="oc-2a">
         <name>.debug_info</name>
         <load_address>0x2c23</load_address>
         <run_address>0x2c23</run_address>
         <size>0x636</size>
         <input_file_ref idref="fl-83"/>
      </object_component>
      <object_component id="oc-2d">
         <name>.debug_info</name>
         <load_address>0x3259</load_address>
         <run_address>0x3259</run_address>
         <size>0x649</size>
         <input_file_ref idref="fl-84"/>
      </object_component>
      <object_component id="oc-30">
         <name>.debug_info</name>
         <load_address>0x38a2</load_address>
         <run_address>0x38a2</run_address>
         <size>0x69c</size>
         <input_file_ref idref="fl-85"/>
      </object_component>
      <object_component id="oc-33">
         <name>.debug_info</name>
         <load_address>0x3f3e</load_address>
         <run_address>0x3f3e</run_address>
         <size>0x6cb</size>
         <input_file_ref idref="fl-86"/>
      </object_component>
      <object_component id="oc-36">
         <name>.debug_info</name>
         <load_address>0x4609</load_address>
         <run_address>0x4609</run_address>
         <size>0x841</size>
         <input_file_ref idref="fl-87"/>
      </object_component>
      <object_component id="oc-39">
         <name>.debug_info</name>
         <load_address>0x4e4a</load_address>
         <run_address>0x4e4a</run_address>
         <size>0x6b9</size>
         <input_file_ref idref="fl-88"/>
      </object_component>
      <object_component id="oc-3c">
         <name>.debug_info</name>
         <load_address>0x5503</load_address>
         <run_address>0x5503</run_address>
         <size>0x7af</size>
         <input_file_ref idref="fl-89"/>
      </object_component>
      <object_component id="oc-3f">
         <name>.debug_info</name>
         <load_address>0x5cb2</load_address>
         <run_address>0x5cb2</run_address>
         <size>0x685</size>
         <input_file_ref idref="fl-8a"/>
      </object_component>
      <object_component id="oc-42">
         <name>.debug_info</name>
         <load_address>0x6337</load_address>
         <run_address>0x6337</run_address>
         <size>0x748</size>
         <input_file_ref idref="fl-8b"/>
      </object_component>
      <object_component id="oc-49">
         <name>.debug_info</name>
         <load_address>0x6a7f</load_address>
         <run_address>0x6a7f</run_address>
         <size>0x8a7</size>
         <input_file_ref idref="fl-8c"/>
      </object_component>
      <object_component id="oc-4f">
         <name>.debug_info</name>
         <load_address>0x7326</load_address>
         <run_address>0x7326</run_address>
         <size>0x89f</size>
         <input_file_ref idref="fl-8d"/>
      </object_component>
      <object_component id="oc-55">
         <name>.debug_info</name>
         <load_address>0x7bc5</load_address>
         <run_address>0x7bc5</run_address>
         <size>0x929</size>
         <input_file_ref idref="fl-8e"/>
      </object_component>
      <object_component id="oc-5b">
         <name>.debug_info</name>
         <load_address>0x84ee</load_address>
         <run_address>0x84ee</run_address>
         <size>0x5b3</size>
         <input_file_ref idref="fl-8f"/>
      </object_component>
      <object_component id="oc-61">
         <name>.debug_info</name>
         <load_address>0x8aa1</load_address>
         <run_address>0x8aa1</run_address>
         <size>0xcc5</size>
         <input_file_ref idref="fl-90"/>
      </object_component>
      <object_component id="oc-66">
         <name>.debug_info</name>
         <load_address>0x9766</load_address>
         <run_address>0x9766</run_address>
         <size>0xec5</size>
         <input_file_ref idref="fl-91"/>
      </object_component>
      <object_component id="oc-68">
         <name>.debug_info</name>
         <load_address>0xa62b</load_address>
         <run_address>0xa62b</run_address>
         <size>0xc2</size>
         <input_file_ref idref="fl-92"/>
      </object_component>
      <object_component id="oc-9f">
         <name>.debug_info</name>
         <load_address>0xa6ed</load_address>
         <run_address>0xa6ed</run_address>
         <size>0x6d</size>
      </object_component>
      <object_component id="oc-12">
         <name>.debug_frame</name>
         <load_address>0x0</load_address>
         <run_address>0x0</run_address>
         <size>0x3a0</size>
         <input_file_ref idref="fl-2"/>
      </object_component>
      <object_component id="oc-19">
         <name>.debug_frame</name>
         <load_address>0x3a0</load_address>
         <run_address>0x3a0</run_address>
         <size>0x2d7</size>
         <input_file_ref idref="fl-3"/>
      </object_component>
      <object_component id="oc-13">
         <name>.debug_line</name>
         <load_address>0x0</load_address>
         <run_address>0x0</run_address>
         <size>0x1bc</size>
         <input_file_ref idref="fl-2"/>
      </object_component>
      <object_component id="oc-1a">
         <name>.debug_line</name>
         <load_address>0x1bc</load_address>
         <run_address>0x1bc</run_address>
         <size>0x61</size>
         <input_file_ref idref="fl-3"/>
      </object_component>
      <object_component id="oc-1f">
         <name>.debug_line</name>
         <load_address>0x21d</load_address>
         <run_address>0x21d</run_address>
         <size>0xc8</size>
         <input_file_ref idref="fl-4"/>
      </object_component>
      <object_component id="oc-23">
         <name>.debug_line</name>
         <load_address>0x2e5</load_address>
         <run_address>0x2e5</run_address>
         <size>0x3d</size>
         <input_file_ref idref="fl-81"/>
      </object_component>
      <object_component id="oc-28">
         <name>.debug_line</name>
         <load_address>0x322</load_address>
         <run_address>0x322</run_address>
         <size>0x4f</size>
         <input_file_ref idref="fl-82"/>
      </object_component>
      <object_component id="oc-2b">
         <name>.debug_line</name>
         <load_address>0x371</load_address>
         <run_address>0x371</run_address>
         <size>0x3d</size>
         <input_file_ref idref="fl-83"/>
      </object_component>
      <object_component id="oc-2e">
         <name>.debug_line</name>
         <load_address>0x3ae</load_address>
         <run_address>0x3ae</run_address>
         <size>0x3d</size>
         <input_file_ref idref="fl-84"/>
      </object_component>
      <object_component id="oc-31">
         <name>.debug_line</name>
         <load_address>0x3eb</load_address>
         <run_address>0x3eb</run_address>
         <size>0x3c</size>
         <input_file_ref idref="fl-85"/>
      </object_component>
      <object_component id="oc-34">
         <name>.debug_line</name>
         <load_address>0x427</load_address>
         <run_address>0x427</run_address>
         <size>0x41</size>
         <input_file_ref idref="fl-86"/>
      </object_component>
      <object_component id="oc-37">
         <name>.debug_line</name>
         <load_address>0x468</load_address>
         <run_address>0x468</run_address>
         <size>0x47</size>
         <input_file_ref idref="fl-87"/>
      </object_component>
      <object_component id="oc-3a">
         <name>.debug_line</name>
         <load_address>0x4af</load_address>
         <run_address>0x4af</run_address>
         <size>0x45</size>
         <input_file_ref idref="fl-88"/>
      </object_component>
      <object_component id="oc-3d">
         <name>.debug_line</name>
         <load_address>0x4f4</load_address>
         <run_address>0x4f4</run_address>
         <size>0x44</size>
         <input_file_ref idref="fl-89"/>
      </object_component>
      <object_component id="oc-40">
         <name>.debug_line</name>
         <load_address>0x538</load_address>
         <run_address>0x538</run_address>
         <size>0x3a</size>
         <input_file_ref idref="fl-8a"/>
      </object_component>
      <object_component id="oc-43">
         <name>.debug_line</name>
         <load_address>0x572</load_address>
         <run_address>0x572</run_address>
         <size>0x4e</size>
         <input_file_ref idref="fl-8b"/>
      </object_component>
      <object_component id="oc-4a">
         <name>.debug_line</name>
         <load_address>0x5c0</load_address>
         <run_address>0x5c0</run_address>
         <size>0xb2</size>
         <input_file_ref idref="fl-8c"/>
      </object_component>
      <object_component id="oc-50">
         <name>.debug_line</name>
         <load_address>0x672</load_address>
         <run_address>0x672</run_address>
         <size>0x4f</size>
         <input_file_ref idref="fl-8d"/>
      </object_component>
      <object_component id="oc-56">
         <name>.debug_line</name>
         <load_address>0x6c1</load_address>
         <run_address>0x6c1</run_address>
         <size>0x7e</size>
         <input_file_ref idref="fl-8e"/>
      </object_component>
      <object_component id="oc-5c">
         <name>.debug_line</name>
         <load_address>0x73f</load_address>
         <run_address>0x73f</run_address>
         <size>0x52</size>
         <input_file_ref idref="fl-8f"/>
      </object_component>
      <object_component id="oc-62">
         <name>.debug_line</name>
         <load_address>0x791</load_address>
         <run_address>0x791</run_address>
         <size>0x109</size>
         <input_file_ref idref="fl-90"/>
      </object_component>
      <object_component id="oc-67">
         <name>.debug_line</name>
         <load_address>0x89a</load_address>
         <run_address>0x89a</run_address>
         <size>0x141</size>
         <input_file_ref idref="fl-91"/>
      </object_component>
      <object_component id="oc-69">
         <name>.debug_line</name>
         <load_address>0x9db</load_address>
         <run_address>0x9db</run_address>
         <size>0x48</size>
         <input_file_ref idref="fl-92"/>
      </object_component>
      <object_component id="oc-14">
         <name>.debug_abbrev</name>
         <load_address>0x0</load_address>
         <run_address>0x0</run_address>
         <size>0x18e</size>
         <input_file_ref idref="fl-2"/>
      </object_component>
      <object_component id="oc-1b">
         <name>.debug_abbrev</name>
         <load_address>0x18e</load_address>
         <run_address>0x18e</run_address>
         <size>0xf8</size>
         <input_file_ref idref="fl-3"/>
      </object_component>
      <object_component id="oc-20">
         <name>.debug_abbrev</name>
         <load_address>0x286</load_address>
         <run_address>0x286</run_address>
         <size>0x20</size>
         <input_file_ref idref="fl-4"/>
      </object_component>
      <object_component id="oc-24">
         <name>.debug_abbrev</name>
         <load_address>0x2a6</load_address>
         <run_address>0x2a6</run_address>
         <size>0xfe</size>
         <input_file_ref idref="fl-81"/>
      </object_component>
      <object_component id="oc-29">
         <name>.debug_abbrev</name>
         <load_address>0x3a4</load_address>
         <run_address>0x3a4</run_address>
         <size>0x119</size>
         <input_file_ref idref="fl-82"/>
      </object_component>
      <object_component id="oc-2c">
         <name>.debug_abbrev</name>
         <load_address>0x4bd</load_address>
         <run_address>0x4bd</run_address>
         <size>0x98</size>
         <input_file_ref idref="fl-83"/>
      </object_component>
      <object_component id="oc-2f">
         <name>.debug_abbrev</name>
         <load_address>0x555</load_address>
         <run_address>0x555</run_address>
         <size>0x98</size>
         <input_file_ref idref="fl-84"/>
      </object_component>
      <object_component id="oc-32">
         <name>.debug_abbrev</name>
         <load_address>0x5ed</load_address>
         <run_address>0x5ed</run_address>
         <size>0xa6</size>
         <input_file_ref idref="fl-85"/>
      </object_component>
      <object_component id="oc-35">
         <name>.debug_abbrev</name>
         <load_address>0x693</load_address>
         <run_address>0x693</run_address>
         <size>0xe1</size>
         <input_file_ref idref="fl-86"/>
      </object_component>
      <object_component id="oc-38">
         <name>.debug_abbrev</name>
         <load_address>0x774</load_address>
         <run_address>0x774</run_address>
         <size>0x13f</size>
         <input_file_ref idref="fl-87"/>
      </object_component>
      <object_component id="oc-3b">
         <name>.debug_abbrev</name>
         <load_address>0x8b3</load_address>
         <run_address>0x8b3</run_address>
         <size>0xdd</size>
         <input_file_ref idref="fl-88"/>
      </object_component>
      <object_component id="oc-3e">
         <name>.debug_abbrev</name>
         <load_address>0x990</load_address>
         <run_address>0x990</run_address>
         <size>0x10c</size>
         <input_file_ref idref="fl-89"/>
      </object_component>
      <object_component id="oc-41">
         <name>.debug_abbrev</name>
         <load_address>0xa9c</load_address>
         <run_address>0xa9c</run_address>
         <size>0x98</size>
         <input_file_ref idref="fl-8a"/>
      </object_component>
      <object_component id="oc-44">
         <name>.debug_abbrev</name>
         <load_address>0xb34</load_address>
         <run_address>0xb34</run_address>
         <size>0xd5</size>
         <input_file_ref idref="fl-8b"/>
      </object_component>
      <object_component id="oc-48">
         <name>.debug_abbrev</name>
         <load_address>0xc09</load_address>
         <run_address>0xc09</run_address>
         <size>0x196</size>
         <input_file_ref idref="fl-8c"/>
      </object_component>
      <object_component id="oc-4e">
         <name>.debug_abbrev</name>
         <load_address>0xd9f</load_address>
         <run_address>0xd9f</run_address>
         <size>0x126</size>
         <input_file_ref idref="fl-8d"/>
      </object_component>
      <object_component id="oc-54">
         <name>.debug_abbrev</name>
         <load_address>0xec5</load_address>
         <run_address>0xec5</run_address>
         <size>0x14e</size>
         <input_file_ref idref="fl-8e"/>
      </object_component>
      <object_component id="oc-5a">
         <name>.debug_abbrev</name>
         <load_address>0x1013</load_address>
         <run_address>0x1013</run_address>
         <size>0xf1</size>
         <input_file_ref idref="fl-8f"/>
      </object_component>
      <object_component id="oc-60">
         <name>.debug_abbrev</name>
         <load_address>0x1104</load_address>
         <run_address>0x1104</run_address>
         <size>0x1b7</size>
         <input_file_ref idref="fl-90"/>
      </object_component>
      <object_component id="oc-65">
         <name>.debug_abbrev</name>
         <load_address>0x12bb</load_address>
         <run_address>0x12bb</run_address>
         <size>0x1a3</size>
         <input_file_ref idref="fl-91"/>
      </object_component>
      <object_component id="oc-6a">
         <name>.debug_abbrev</name>
         <load_address>0x145e</load_address>
         <run_address>0x145e</run_address>
         <size>0x3a</size>
         <input_file_ref idref="fl-92"/>
      </object_component>
      <object_component id="oc-a0">
         <name>.debug_abbrev</name>
         <load_address>0x1498</load_address>
         <run_address>0x1498</run_address>
         <size>0xd</size>
      </object_component>
   </object_component_list>
   <logical_group_list>
      <logical_group id="lg-2">
         <name>.EXT_RAM</name>
         <run_address>0x0</run_address>
         <size>0x0</size>
         <contents>
         </contents>
      </logical_group>
      <logical_group id="lg-3">
         <name>.vectors</name>
         <load_address>0x0</load_address>
         <run_address>0x0</run_address>
         <size>0x200</size>
         <contents>
            <object_component_ref idref="oc-1d"/>
         </contents>
      </logical_group>
      <logical_group id="lg-4">
         <name>.text</name>
         <load_address>0x220</load_address>
         <run_address>0x220</run_address>
         <size>0x26e0</size>
         <contents>
            <object_component_ref idref="oc-6e"/>
            <object_component_ref idref="oc-45"/>
            <object_component_ref idref="oc-4b"/>
            <object_component_ref idref="oc-70"/>
            <object_component_ref idref="oc-76"/>
            <object_component_ref idref="oc-18"/>
            <object_component_ref idref="oc-7d"/>
            <object_component_ref idref="oc-87"/>
            <object_component_ref idref="oc-51"/>
            <object_component_ref idref="oc-73"/>
            <object_component_ref idref="oc-74"/>
            <object_component_ref idref="oc-6b"/>
            <object_component_ref idref="oc-72"/>
            <object_component_ref idref="oc-6d"/>
            <object_component_ref idref="oc-75"/>
            <object_component_ref idref="oc-57"/>
            <object_component_ref idref="oc-7b"/>
            <object_component_ref idref="oc-71"/>
            <object_component_ref idref="oc-88"/>
            <object_component_ref idref="oc-77"/>
            <object_component_ref idref="oc-e"/>
            <object_component_ref idref="oc-6f"/>
            <object_component_ref idref="oc-86"/>
            <object_component_ref idref="oc-78"/>
            <object_component_ref idref="oc-81"/>
            <object_component_ref idref="oc-7e"/>
            <object_component_ref idref="oc-6c"/>
            <object_component_ref idref="oc-7a"/>
            <object_component_ref idref="oc-7f"/>
            <object_component_ref idref="oc-80"/>
            <object_component_ref idref="oc-7c"/>
            <object_component_ref idref="oc-84"/>
            <object_component_ref idref="oc-83"/>
            <object_component_ref idref="oc-85"/>
            <object_component_ref idref="oc-82"/>
            <object_component_ref idref="oc-79"/>
            <object_component_ref idref="oc-5d"/>
            <object_component_ref idref="oc-1c"/>
         </contents>
      </logical_group>
      <logical_group id="lg-5">
         <name>.bss</name>
         <run_address>0x220</run_address>
         <size>0x0</size>
         <contents>
         </contents>
      </logical_group>
      <logical_group id="lg-6">
         <name>.cinit</name>
         <load_address>0x2d00</load_address>
         <run_address>0x2d00</run_address>
         <size>0x27c</size>
         <contents>
            <object_component_ref idref="oc-5e"/>
            <object_component_ref idref="oc-10"/>
            <object_component_ref idref="oc-63"/>
            <object_component_ref idref="oc-52"/>
            <object_component_ref idref="oc-26"/>
            <object_component_ref idref="oc-58"/>
            <object_component_ref idref="oc-16"/>
         </contents>
      </logical_group>
      <logical_group id="lg-7">
         <name>.stack</name>
         <run_address>0x2900</run_address>
         <size>0x400</size>
         <contents>
            <object_component_ref idref="oc-22"/>
            <object_component_ref idref="oc-9e"/>
         </contents>
      </logical_group>
      <logical_group id="lg-8">
         <name>.sysmem</name>
         <run_address>0x0</run_address>
         <size>0x0</size>
         <contents>
         </contents>
      </logical_group>
      <logical_group id="lg-9">
         <name>.const</name>
         <load_address>0x3168</load_address>
         <run_address>0x3168</run_address>
         <size>0x60</size>
         <contents>
            <object_component_ref idref="oc-4d"/>
            <object_component_ref idref="oc-47"/>
         </contents>
      </logical_group>
      <logical_group id="lg-a">
         <name>.switch</name>
         <run_address>0x0</run_address>
         <size>0x0</size>
         <contents>
         </contents>
      </logical_group>
      <logical_group id="lg-b">
         <name>.far</name>
         <run_address>0x2f7c</run_address>
         <size>0x1ea</size>
         <contents>
            <object_component_ref idref="oc-11"/>
            <object_component_ref idref="oc-17"/>
            <object_component_ref idref="oc-27"/>
            <object_component_ref idref="oc-46"/>
            <object_component_ref idref="oc-4c"/>
            <object_component_ref idref="oc-53"/>
            <object_component_ref idref="oc-59"/>
            <object_component_ref idref="oc-5f"/>
            <object_component_ref idref="oc-64"/>
         </contents>
      </logical_group>
      <logical_group id="lg-c">
         <name>.cio</name>
         <run_address>0x0</run_address>
         <size>0x0</size>
         <contents>
         </contents>
      </logical_group>
      <logical_group id="lg-d">
         <name>.csldata</name>
         <run_address>0x0</run_address>
         <size>0x0</size>
         <contents>
         </contents>
      </logical_group>
      <logical_group id="lg-95">
         <name>.debug_info</name>
         <load_address>0x0</load_address>
         <run_address>0x0</run_address>
         <size>0xa75a</size>
         <contents>
            <object_component_ref idref="oc-f"/>
            <object_component_ref idref="oc-15"/>
            <object_component_ref idref="oc-1e"/>
            <object_component_ref idref="oc-21"/>
            <object_component_ref idref="oc-25"/>
            <object_component_ref idref="oc-2a"/>
            <object_component_ref idref="oc-2d"/>
            <object_component_ref idref="oc-30"/>
            <object_component_ref idref="oc-33"/>
            <object_component_ref idref="oc-36"/>
            <object_component_ref idref="oc-39"/>
            <object_component_ref idref="oc-3c"/>
            <object_component_ref idref="oc-3f"/>
            <object_component_ref idref="oc-42"/>
            <object_component_ref idref="oc-49"/>
            <object_component_ref idref="oc-4f"/>
            <object_component_ref idref="oc-55"/>
            <object_component_ref idref="oc-5b"/>
            <object_component_ref idref="oc-61"/>
            <object_component_ref idref="oc-66"/>
            <object_component_ref idref="oc-68"/>
            <object_component_ref idref="oc-9f"/>
         </contents>
      </logical_group>
      <logical_group id="lg-97">
         <name>.debug_frame</name>
         <load_address>0x0</load_address>
         <run_address>0x0</run_address>
         <size>0x677</size>
         <contents>
            <object_component_ref idref="oc-12"/>
            <object_component_ref idref="oc-19"/>
         </contents>
      </logical_group>
      <logical_group id="lg-99">
         <name>.debug_line</name>
         <load_address>0x0</load_address>
         <run_address>0x0</run_address>
         <size>0xa23</size>
         <contents>
            <object_component_ref idref="oc-13"/>
            <object_component_ref idref="oc-1a"/>
            <object_component_ref idref="oc-1f"/>
            <object_component_ref idref="oc-23"/>
            <object_component_ref idref="oc-28"/>
            <object_component_ref idref="oc-2b"/>
            <object_component_ref idref="oc-2e"/>
            <object_component_ref idref="oc-31"/>
            <object_component_ref idref="oc-34"/>
            <object_component_ref idref="oc-37"/>
            <object_component_ref idref="oc-3a"/>
            <object_component_ref idref="oc-3d"/>
            <object_component_ref idref="oc-40"/>
            <object_component_ref idref="oc-43"/>
            <object_component_ref idref="oc-4a"/>
            <object_component_ref idref="oc-50"/>
            <object_component_ref idref="oc-56"/>
            <object_component_ref idref="oc-5c"/>
            <object_component_ref idref="oc-62"/>
            <object_component_ref idref="oc-67"/>
            <object_component_ref idref="oc-69"/>
         </contents>
      </logical_group>
      <logical_group id="lg-9b">
         <name>.debug_abbrev</name>
         <load_address>0x0</load_address>
         <run_address>0x0</run_address>
         <size>0x14a5</size>
         <contents>
            <object_component_ref idref="oc-14"/>
            <object_component_ref idref="oc-1b"/>
            <object_component_ref idref="oc-20"/>
            <object_component_ref idref="oc-24"/>
            <object_component_ref idref="oc-29"/>
            <object_component_ref idref="oc-2c"/>
            <object_component_ref idref="oc-2f"/>
            <object_component_ref idref="oc-32"/>
            <object_component_ref idref="oc-35"/>
            <object_component_ref idref="oc-38"/>
            <object_component_ref idref="oc-3b"/>
            <object_component_ref idref="oc-3e"/>
            <object_component_ref idref="oc-41"/>
            <object_component_ref idref="oc-44"/>
            <object_component_ref idref="oc-48"/>
            <object_component_ref idref="oc-4e"/>
            <object_component_ref idref="oc-54"/>
            <object_component_ref idref="oc-5a"/>
            <object_component_ref idref="oc-60"/>
            <object_component_ref idref="oc-65"/>
            <object_component_ref idref="oc-6a"/>
            <object_component_ref idref="oc-a0"/>
         </contents>
      </logical_group>
   </logical_group_list>
   <placement_map>
      <memory_area>
         <name>IVECS</name>
         <page_id>0x0</page_id>
         <origin>0x0</origin>
         <length>0x220</length>
         <used_space>0x200</used_space>
         <unused_space>0x20</unused_space>
         <attributes>RWIX</attributes>
         <usage_details>
            <allocated_space>
               <start_address>0x0</start_address>
               <size>0x200</size>
               <logical_group_ref idref="lg-3"/>
            </allocated_space>
            <available_space>
               <start_address>0x200</start_address>
               <size>0x20</size>
            </available_space>
         </usage_details>
      </memory_area>
      <memory_area>
         <name>IRAM</name>
         <page_id>0x0</page_id>
         <origin>0x220</origin>
         <length>0x2fde0</length>
         <used_space>0x2fa6</used_space>
         <unused_space>0x2ce3a</unused_space>
         <attributes>RWIX</attributes>
         <usage_details>
            <allocated_space>
               <start_address>0x220</start_address>
               <size>0x0</size>
               <logical_group_ref idref="lg-5"/>
            </allocated_space>
            <allocated_space>
               <start_address>0x220</start_address>
               <size>0x26e0</size>
               <logical_group_ref idref="lg-4"/>
            </allocated_space>
            <allocated_space>
               <start_address>0x2900</start_address>
               <size>0x400</size>
               <logical_group_ref idref="lg-7"/>
            </allocated_space>
            <allocated_space>
               <start_address>0x2d00</start_address>
               <size>0x27c</size>
               <logical_group_ref idref="lg-6"/>
            </allocated_space>
            <allocated_space>
               <start_address>0x2f7c</start_address>
               <size>0x1ea</size>
               <logical_group_ref idref="lg-b"/>
            </allocated_space>
            <available_space>
               <start_address>0x3166</start_address>
               <size>0x2</size>
            </available_space>
            <allocated_space>
               <start_address>0x3168</start_address>
               <size>0x60</size>
               <logical_group_ref idref="lg-9"/>
            </allocated_space>
            <available_space>
               <start_address>0x31c8</start_address>
               <size>0x2ce38</size>
            </available_space>
         </usage_details>
      </memory_area>
      <memory_area>
         <name>SDRAM</name>
         <page_id>0x0</page_id>
         <origin>0x80000000</origin>
         <length>0x1000000</length>
         <used_space>0x0</used_space>
         <unused_space>0x1000000</unused_space>
         <attributes>RWIX</attributes>
         <usage_details>
         </usage_details>
      </memory_area>
      <memory_area>
         <name>FLASH</name>
         <page_id>0x0</page_id>
         <origin>0x90000000</origin>
         <length>0x20000</length>
         <used_space>0x0</used_space>
         <unused_space>0x20000</unused_space>
         <attributes>RWIX</attributes>
         <usage_details>
         </usage_details>
      </memory_area>
   </placement_map>
   <symbol_table>
      <symbol id="sm-0">
         <name>cinit</name>
         <value>0x2d00</value>
      </symbol>
      <symbol id="sm-1">
         <name>___cinit__</name>
         <value>0x2d00</value>
      </symbol>
      <symbol id="sm-2">
         <name>pinit</name>
         <value>0xffffffff</value>
      </symbol>
      <symbol id="sm-3">
         <name>___pinit__</name>
         <value>0xffffffff</value>
      </symbol>
      <symbol id="sm-4">
         <name>binit</name>
         <value>0xffffffff</value>
      </symbol>
      <symbol id="sm-5">
         <name>___binit__</name>
         <value>0xffffffff</value>
      </symbol>
      <symbol id="sm-6">
         <name>__STACK_SIZE</name>
         <value>0x400</value>
      </symbol>
      <symbol id="sm-7">
         <name>__STACK_END</name>
         <value>0x2d00</value>
      </symbol>
      <symbol id="sm-8">
         <name>___c_args__</name>
         <value>0xffffffff</value>
      </symbol>
      <symbol id="sm-9">
         <name>.text</name>
         <value>0x220</value>
      </symbol>
      <symbol id="sm-a">
         <name>___text__</name>
         <value>0x220</value>
      </symbol>
      <symbol id="sm-b">
         <name>etext</name>
         <value>0x2900</value>
      </symbol>
      <symbol id="sm-c">
         <name>___etext__</name>
         <value>0x2900</value>
      </symbol>
      <symbol id="sm-d">
         <name>.bss</name>
         <value>0x220</value>
      </symbol>
      <symbol id="sm-e">
         <name>___bss__</name>
         <value>0x220</value>
      </symbol>
      <symbol id="sm-f">
         <name>end</name>
         <value>0x220</value>
      </symbol>
      <symbol id="sm-10">
         <name>___end__</name>
         <value>0x220</value>
      </symbol>
      <symbol id="sm-11">
         <name>___TI_pprof_out_hndl</name>
         <value>0xffffffff</value>
      </symbol>
      <symbol id="sm-12">
         <name>___TI_prof_data_start</name>
         <value>0xffffffff</value>
      </symbol>
      <symbol id="sm-13">
         <name>___TI_prof_data_size</name>
         <value>0xffffffff</value>
      </symbol>
      <symbol id="sm-14">
         <name>$bss</name>
         <value>0x220</value>
      </symbol>
      <symbol id="sm-7c">
         <name>_right_input</name>
         <value>0x74c</value>
         <object_component_ref idref="oc-6e"/>
      </symbol>
      <symbol id="sm-7d">
         <name>_rx_ready</name>
         <value>0x684</value>
         <object_component_ref idref="oc-6e"/>
      </symbol>
      <symbol id="sm-7e">
         <name>_pwrap</name>
         <value>0x894</value>
         <object_component_ref idref="oc-6e"/>
      </symbol>
      <symbol id="sm-7f">
         <name>_audio_source</name>
         <value>0x590</value>
         <object_component_ref idref="oc-6e"/>
      </symbol>
      <symbol id="sm-80">
         <name>_qwrap</name>
         <value>0x90c</value>
         <object_component_ref idref="oc-6e"/>
      </symbol>
      <symbol id="sm-81">
         <name>_tx_ready</name>
         <value>0x60c</value>
         <object_component_ref idref="oc-6e"/>
      </symbol>
      <symbol id="sm-82">
         <name>_config</name>
         <value>0x3094</value>
         <object_component_ref idref="oc-11"/>
      </symbol>
      <symbol id="sm-83">
         <name>_sampling_rate</name>
         <value>0x3c0</value>
         <object_component_ref idref="oc-6e"/>
      </symbol>
      <symbol id="sm-84">
         <name>_hcodec</name>
         <value>0x30bc</value>
         <object_component_ref idref="oc-11"/>
      </symbol>
      <symbol id="sm-85">
         <name>_delay</name>
         <value>0x974</value>
         <object_component_ref idref="oc-6e"/>
      </symbol>
      <symbol id="sm-86">
         <name>_left_input</name>
         <value>0x6fc</value>
         <object_component_ref idref="oc-6e"/>
      </symbol>
      <symbol id="sm-87">
         <name>_cfgdata32</name>
         <value>0x3074</value>
         <object_component_ref idref="oc-11"/>
      </symbol>
      <symbol id="sm-88">
         <name>_initialize</name>
         <value>0x220</value>
         <object_component_ref idref="oc-6e"/>
      </symbol>
      <symbol id="sm-89">
         <name>_codec</name>
         <value>0x30c0</value>
         <object_component_ref idref="oc-11"/>
      </symbol>
      <symbol id="sm-8a">
         <name>_write_outputs</name>
         <value>0x824</value>
         <object_component_ref idref="oc-6e"/>
      </symbol>
      <symbol id="sm-8b">
         <name>_read_inputs</name>
         <value>0x7a0</value>
         <object_component_ref idref="oc-6e"/>
      </symbol>
      <symbol id="sm-a9">
         <name>_main</name>
         <value>0x2680</value>
         <object_component_ref idref="oc-78"/>
      </symbol>
      <symbol id="sm-aa">
         <name>_yR</name>
         <value>0x3156</value>
         <object_component_ref idref="oc-17"/>
      </symbol>
      <symbol id="sm-ab">
         <name>_yL</name>
         <value>0x3154</value>
         <object_component_ref idref="oc-17"/>
      </symbol>
      <symbol id="sm-ac">
         <name>_xR</name>
         <value>0x3152</value>
         <object_component_ref idref="oc-17"/>
      </symbol>
      <symbol id="sm-ad">
         <name>_xL</name>
         <value>0x3150</value>
         <object_component_ref idref="oc-17"/>
      </symbol>
      <symbol id="sm-ae">
         <name>_isr</name>
         <value>0x1600</value>
         <object_component_ref idref="oc-18"/>
      </symbol>
      <symbol id="sm-af">
         <name>_g</name>
         <value>0x3158</value>
         <object_component_ref idref="oc-17"/>
      </symbol>
      <symbol id="sm-bc">
         <name>_vector10</name>
         <value>0x140</value>
         <object_component_ref idref="oc-1d"/>
      </symbol>
      <symbol id="sm-bd">
         <name>_vector12</name>
         <value>0x180</value>
         <object_component_ref idref="oc-1d"/>
      </symbol>
      <symbol id="sm-be">
         <name>_vector13</name>
         <value>0x1a0</value>
         <object_component_ref idref="oc-1d"/>
      </symbol>
      <symbol id="sm-bf">
         <name>_vector14</name>
         <value>0x1c0</value>
         <object_component_ref idref="oc-1d"/>
      </symbol>
      <symbol id="sm-c0">
         <name>_vector15</name>
         <value>0x1e0</value>
         <object_component_ref idref="oc-1d"/>
      </symbol>
      <symbol id="sm-c1">
         <name>_vectors</name>
         <value>0x0</value>
         <object_component_ref idref="oc-1d"/>
      </symbol>
      <symbol id="sm-c2">
         <name>_vector1</name>
         <value>0x20</value>
         <object_component_ref idref="oc-1d"/>
      </symbol>
      <symbol id="sm-c3">
         <name>_vector3</name>
         <value>0x60</value>
         <object_component_ref idref="oc-1d"/>
      </symbol>
      <symbol id="sm-c4">
         <name>_vector2</name>
         <value>0x40</value>
         <object_component_ref idref="oc-1d"/>
      </symbol>
      <symbol id="sm-c5">
         <name>_vector5</name>
         <value>0xa0</value>
         <object_component_ref idref="oc-1d"/>
      </symbol>
      <symbol id="sm-c6">
         <name>_vector4</name>
         <value>0x80</value>
         <object_component_ref idref="oc-1d"/>
      </symbol>
      <symbol id="sm-c7">
         <name>_vector7</name>
         <value>0xe0</value>
         <object_component_ref idref="oc-1d"/>
      </symbol>
      <symbol id="sm-c8">
         <name>_vector6</name>
         <value>0xc0</value>
         <object_component_ref idref="oc-1d"/>
      </symbol>
      <symbol id="sm-c9">
         <name>_vector9</name>
         <value>0x120</value>
         <object_component_ref idref="oc-1d"/>
      </symbol>
      <symbol id="sm-ca">
         <name>_vector8</name>
         <value>0x100</value>
         <object_component_ref idref="oc-1d"/>
      </symbol>
      <symbol id="sm-d6">
         <name>_c_int00</name>
         <value>0x2540</value>
         <object_component_ref idref="oc-e"/>
      </symbol>
      <symbol id="sm-d7">
         <name>__stack</name>
         <value>0x2900</value>
         <object_component_ref idref="oc-22"/>
      </symbol>
      <symbol id="sm-e7">
         <name>C$$EXIT</name>
         <value>0x28a0</value>
         <object_component_ref idref="oc-79"/>
      </symbol>
      <symbol id="sm-e8">
         <name>_exit</name>
         <value>0x2080</value>
         <object_component_ref idref="oc-6d"/>
      </symbol>
      <symbol id="sm-e9">
         <name>___TI_enable_exit_profile_output</name>
         <value>0x314c</value>
         <object_component_ref idref="oc-27"/>
      </symbol>
      <symbol id="sm-ea">
         <name>_abort</name>
         <value>0x28a0</value>
         <object_component_ref idref="oc-79"/>
      </symbol>
      <symbol id="sm-eb">
         <name>__cleanup_ptr</name>
         <value>0x3144</value>
         <object_component_ref idref="oc-27"/>
      </symbol>
      <symbol id="sm-ec">
         <name>__dtors_ptr</name>
         <value>0x3148</value>
         <object_component_ref idref="oc-27"/>
      </symbol>
      <symbol id="sm-f6">
         <name>__fixfi</name>
         <value>0x2380</value>
         <object_component_ref idref="oc-71"/>
      </symbol>
      <symbol id="sm-100">
         <name>__fltif</name>
         <value>0x25c0</value>
         <object_component_ref idref="oc-6f"/>
      </symbol>
      <symbol id="sm-10a">
         <name>__mpyf</name>
         <value>0x1160</value>
         <object_component_ref idref="oc-70"/>
      </symbol>
      <symbol id="sm-114">
         <name>__args_main</name>
         <value>0x2760</value>
         <object_component_ref idref="oc-6c"/>
      </symbol>
      <symbol id="sm-115">
         <name>__TI_args_main</name>
         <value>0x1</value>
      </symbol>
      <symbol id="sm-11f">
         <name>__auto_init</name>
         <value>0x1ea0</value>
         <object_component_ref idref="oc-6b"/>
      </symbol>
      <symbol id="sm-129">
         <name>___TI_cpp_init</name>
         <value>0x24c0</value>
         <object_component_ref idref="oc-77"/>
      </symbol>
      <symbol id="sm-133">
         <name>_copy_in</name>
         <value>0x2160</value>
         <object_component_ref idref="oc-75"/>
      </symbol>
      <symbol id="sm-13d">
         <name>__frcmpyf</name>
         <value>0x2620</value>
         <object_component_ref idref="oc-86"/>
      </symbol>
      <symbol id="sm-147">
         <name>_memcpy</name>
         <value>0x13c0</value>
         <object_component_ref idref="oc-76"/>
      </symbol>
      <symbol id="sm-155">
         <name>_DSK6713_init</name>
         <value>0xa2c</value>
         <object_component_ref idref="oc-45"/>
      </symbol>
      <symbol id="sm-156">
         <name>_DSK6713_version</name>
         <value>0x3164</value>
         <object_component_ref idref="oc-46"/>
      </symbol>
      <symbol id="sm-157">
         <name>_DSK6713_rget</name>
         <value>0xd48</value>
         <object_component_ref idref="oc-45"/>
      </symbol>
      <symbol id="sm-158">
         <name>_DSK6713_wait</name>
         <value>0xd70</value>
         <object_component_ref idref="oc-45"/>
      </symbol>
      <symbol id="sm-159">
         <name>_DSK6713_rset</name>
         <value>0xd5c</value>
         <object_component_ref idref="oc-45"/>
      </symbol>
      <symbol id="sm-15a">
         <name>_DSK6713_waitusec</name>
         <value>0xdc8</value>
         <object_component_ref idref="oc-45"/>
      </symbol>
      <symbol id="sm-15b">
         <name>_DSK6713_getVersion</name>
         <value>0xdf4</value>
         <object_component_ref idref="oc-45"/>
      </symbol>
      <symbol id="sm-169">
         <name>_DSK6713_AIC23_codeccontrolhandle</name>
         <value>0x315c</value>
         <object_component_ref idref="oc-4c"/>
      </symbol>
      <symbol id="sm-16a">
         <name>_DSK6713_AIC23_codecdatahandle</name>
         <value>0x3160</value>
         <object_component_ref idref="oc-4c"/>
      </symbol>
      <symbol id="sm-16b">
         <name>_DSK6713_AIC23_openCodec</name>
         <value>0xe60</value>
         <object_component_ref idref="oc-4b"/>
      </symbol>
      <symbol id="sm-179">
         <name>_DSK6713_AIC23_config</name>
         <value>0x1c20</value>
         <object_component_ref idref="oc-51"/>
      </symbol>
      <symbol id="sm-17a">
         <name>_DSK6713_AIC23_rget</name>
         <value>0x1bf8</value>
         <object_component_ref idref="oc-51"/>
      </symbol>
      <symbol id="sm-17b">
         <name>_DSK6713_AIC23_rset</name>
         <value>0x1b60</value>
         <object_component_ref idref="oc-51"/>
      </symbol>
      <symbol id="sm-189">
         <name>_DSK6713_AIC23_setFreq</name>
         <value>0x2220</value>
         <object_component_ref idref="oc-57"/>
      </symbol>
      <symbol id="sm-1a5">
         <name>__IRQ_eventTable</name>
         <value>0x2fa4</value>
         <object_component_ref idref="oc-5f"/>
      </symbol>
      <symbol id="sm-1a6">
         <name>_IRQ_nmiEnable</name>
         <value>0x27e0</value>
         <object_component_ref idref="oc-80"/>
      </symbol>
      <symbol id="sm-1a7">
         <name>_IRQ_reset</name>
         <value>0x2720</value>
         <object_component_ref idref="oc-7e"/>
      </symbol>
      <symbol id="sm-1a8">
         <name>__IRQ_intTable</name>
         <value>0x3028</value>
         <object_component_ref idref="oc-5f"/>
      </symbol>
      <symbol id="sm-1a9">
         <name>_IRQ_globalEnable</name>
         <value>0x27c0</value>
         <object_component_ref idref="oc-7f"/>
      </symbol>
      <symbol id="sm-1aa">
         <name>_IRQ_globalDisable</name>
         <value>0x27a0</value>
         <object_component_ref idref="oc-7a"/>
      </symbol>
      <symbol id="sm-1ab">
         <name>_IRQ_map</name>
         <value>0x1800</value>
         <object_component_ref idref="oc-7d"/>
      </symbol>
      <symbol id="sm-1ac">
         <name>_IRQ_enable</name>
         <value>0x26e0</value>
         <object_component_ref idref="oc-81"/>
      </symbol>
      <symbol id="sm-1ad">
         <name>__IRQ_dispatchTable</name>
         <value>0x3068</value>
         <object_component_ref idref="oc-5f"/>
      </symbol>
      <symbol id="sm-1ae">
         <name>__IRQ_hookFetchPacket</name>
         <value>0x28c0</value>
         <object_component_ref idref="oc-5d"/>
      </symbol>
      <symbol id="sm-1cc">
         <name>_MCBSP_reset</name>
         <value>0x19c0</value>
         <object_component_ref idref="oc-87"/>
      </symbol>
      <symbol id="sm-1cd">
         <name>_MCBSP_read</name>
         <value>0x2820</value>
         <object_component_ref idref="oc-84"/>
      </symbol>
      <symbol id="sm-1ce">
         <name>_MCBSP_getXmtEventId</name>
         <value>0x2800</value>
         <object_component_ref idref="oc-7c"/>
      </symbol>
      <symbol id="sm-1cf">
         <name>_MCBSP_open</name>
         <value>0x1ca0</value>
         <object_component_ref idref="oc-73"/>
      </symbol>
      <symbol id="sm-1d0">
         <name>__MCBSP_hDev0</name>
         <value>0x30f4</value>
         <object_component_ref idref="oc-64"/>
      </symbol>
      <symbol id="sm-1d1">
         <name>__MCBSP_hDev1</name>
         <value>0x30f8</value>
         <object_component_ref idref="oc-64"/>
      </symbol>
      <symbol id="sm-1d2">
         <name>_MCBSP_start</name>
         <value>0x1da0</value>
         <object_component_ref idref="oc-74"/>
      </symbol>
      <symbol id="sm-1d3">
         <name>_MCBSP_rrdy</name>
         <value>0x2840</value>
         <object_component_ref idref="oc-83"/>
      </symbol>
      <symbol id="sm-1d4">
         <name>_MCBSP_config</name>
         <value>0x22e0</value>
         <object_component_ref idref="oc-7b"/>
      </symbol>
      <symbol id="sm-1d5">
         <name>_MCBSP_xrdy</name>
         <value>0x2880</value>
         <object_component_ref idref="oc-82"/>
      </symbol>
      <symbol id="sm-1d6">
         <name>_MCBSP_write</name>
         <value>0x2860</value>
         <object_component_ref idref="oc-85"/>
      </symbol>
      <symbol id="sm-1de">
         <name>__strasg</name>
         <value>0x1fa0</value>
         <object_component_ref idref="oc-72"/>
      </symbol>
   </symbol_table>
</link_info>
