******************************************************************************
               TMS320C6x Linker PC v7.4.8                      
******************************************************************************
>> Linked Tue Mar 17 00:05:52 2015

OUTPUT FILE NAME:   <lab5dsp.out>
ENTRY POINT SYMBOL: "_c_int00"  address: 00002540


MEMORY CONFIGURATION

         name            origin    length      used     unused   attr    fill
----------------------  --------  ---------  --------  --------  ----  --------
  IVECS                 00000000   00000220  00000200  00000020  RWIX
  IRAM                  00000220   0002fde0  00002fa6  0002ce3a  RWIX
  SDRAM                 80000000   01000000  00000000  01000000  RWIX
  FLASH                 90000000   00020000  00000000  00020000  RWIX


SECTION ALLOCATION MAP

 output                                  attributes/
section   page    origin      length       input sections
--------  ----  ----------  ----------   ----------------
.vectors   0    00000000    00000200     
                  00000000    00000200     vectors.obj (.vectors)

.text      0    00000220    000026e0     
                  00000220    000007c0     dsplab.obj (.text)
                  000009e0    00000480     dsk6713bsl.lib : dsk6713.obj (.text)
                  00000e60    00000300                    : dsk6713_aic23_opencodec.obj (.text)
                  00001160    00000260     rts6200.lib : mpyf.obj (.text:__mpyf)
                  000013c0    00000240                 : memcpy62.obj (.text:_memcpy)
                  00001600    00000200     template.obj (.text:retain)
                  00001800    000001c0     csl6713.lib : csl_irq.obj (.text:_IRQ_map)
                  000019c0    000001a0                 : csl_mcbsp.obj (.text:_MCBSP_reset)
                  00001b60    00000140     dsk6713bsl.lib : dsk6713_aic23_registers.obj (.text)
                  00001ca0    00000100     csl6713.lib : csl_mcbsp.obj (.text:_MCBSP_open)
                  00001da0    00000100                 : csl_mcbsp.obj (.text:_MCBSP_start)
                  00001ea0    00000100     rts6200.lib : autoinit.obj (.text:__auto_init)
                  00001fa0    000000e0                 : strasg.obj (.text:__strasg)
                  00002080    000000e0                 : exit.obj (.text:_exit)
                  00002160    000000c0                 : cpy_tbl.obj (.text:_copy_in)
                  00002220    000000c0     dsk6713bsl.lib : dsk6713_aic23_setfreq.obj (.text)
                  000022e0    000000a0     csl6713.lib : csl_mcbsp.obj (.text:_MCBSP_config)
                  00002380    000000a0     rts6200.lib : fixfi.obj (.text:__fixfi)
                  00002420    000000a0     csl6713.lib : csl_irq.obj (.text:_setMux)
                  000024c0    00000080     rts6200.lib : cpp_init.obj (.text:___TI_cpp_init)
                  00002540    00000080                 : boot.obj (.text:_c_int00)
                  000025c0    00000060                 : fltif.obj (.text:__fltif)
                  00002620    00000060                 : frcmpyf.obj (.text:__frcmpyf)
                  00002680    00000060     template.obj (.text)
                  000026e0    00000040     csl6713.lib : csl_irq.obj (.text:_IRQ_enable)
                  00002720    00000040                 : csl_irq.obj (.text:_IRQ_reset)
                  00002760    00000040     rts6200.lib : args_main.obj (.text:__args_main)
                  000027a0    00000020     csl6713.lib : csl_irq.obj (.text:_IRQ_globalDisable)
                  000027c0    00000020                 : csl_irq.obj (.text:_IRQ_globalEnable)
                  000027e0    00000020                 : csl_irq.obj (.text:_IRQ_nmiEnable)
                  00002800    00000020                 : csl_mcbsp.obj (.text:_MCBSP_getXmtEventId)
                  00002820    00000020                 : csl_mcbsp.obj (.text:_MCBSP_read)
                  00002840    00000020                 : csl_mcbsp.obj (.text:_MCBSP_rrdy)
                  00002860    00000020                 : csl_mcbsp.obj (.text:_MCBSP_write)
                  00002880    00000020                 : csl_mcbsp.obj (.text:_MCBSP_xrdy)
                  000028a0    00000020     rts6200.lib : exit.obj (.text:_abort)
                  000028c0    00000020     csl6713.lib : csl_irq.obj (.text)
                  000028e0    00000020     vectors.obj (.text)

.bss       0    00000220    00000000     UNINITIALIZED

.stack     0    00002900    00000400     UNINITIALIZED
                  00002900    00000008     rts6200.lib : boot.obj (.stack)
                  00002908    000003f8     --HOLE--

.cinit     0    00002d00    0000027c     
                  00002d00    0000012c     csl6713.lib : csl_irq.obj (.cinit)
                  00002e2c    00000004     --HOLE-- [fill = 0]
                  00002e30    00000058     dsplab.obj (.cinit)
                  00002e88    00000054     csl6713.lib : csl_mcbsp.obj (.cinit)
                  00002edc    00000004     --HOLE-- [fill = 0]
                  00002ee0    00000030     dsk6713bsl.lib : dsk6713_aic23_registers.obj (.cinit)
                  00002f10    0000002c     rts6200.lib : exit.obj (.cinit)
                  00002f3c    00000004     --HOLE-- [fill = 0]
                  00002f40    00000028     dsk6713bsl.lib : dsk6713_aic23_setfreq.obj (.cinit)
                  00002f68    0000000c     template.obj (.cinit)
                  00002f74    00000004     --HOLE-- [fill = 0]
                  00002f78    00000004     (.pad.cinit) [fill = 0]

.far       0    00002f7c    000001ea     UNINITIALIZED
                  00002f7c    000000f4     csl6713.lib : csl_irq.obj (.far)
                  00003070    00000054     dsplab.obj (.far)
                  000030c4    00000038     csl6713.lib : csl_mcbsp.obj (.far)
                  000030fc    00000028     dsk6713bsl.lib : dsk6713_aic23_registers.obj (.far)
                  00003124    00000020                    : dsk6713_aic23_setfreq.obj (.far)
                  00003144    0000000c     rts6200.lib : exit.obj (.far)
                  00003150    0000000c     template.obj (.far)
                  0000315c    00000008     dsk6713bsl.lib : dsk6713_aic23_opencodec.obj (.far)
                  00003164    00000002                    : dsk6713.obj (.far)

.const     0    00003168    00000060     
                  00003168    00000040     dsk6713bsl.lib : dsk6713_aic23_opencodec.obj (.const)
                  000031a8    00000020                    : dsk6713.obj (.const)


GLOBAL SYMBOLS: SORTED ALPHABETICALLY BY Name 

address    name
--------   ----
00000220   $bss
00000220   .bss
00000220   .text
000028a0   C$$EXIT
0000315c   _DSK6713_AIC23_codeccontrolhandle
00003160   _DSK6713_AIC23_codecdatahandle
00001c20   _DSK6713_AIC23_config
00000e60   _DSK6713_AIC23_openCodec
00001bf8   _DSK6713_AIC23_rget
00001b60   _DSK6713_AIC23_rset
00002220   _DSK6713_AIC23_setFreq
00000df4   _DSK6713_getVersion
00000a2c   _DSK6713_init
00000d48   _DSK6713_rget
00000d5c   _DSK6713_rset
00003164   _DSK6713_version
00000d70   _DSK6713_wait
00000dc8   _DSK6713_waitusec
000026e0   _IRQ_enable
000027a0   _IRQ_globalDisable
000027c0   _IRQ_globalEnable
00001800   _IRQ_map
000027e0   _IRQ_nmiEnable
00002720   _IRQ_reset
000022e0   _MCBSP_config
00002800   _MCBSP_getXmtEventId
00001ca0   _MCBSP_open
00002820   _MCBSP_read
000019c0   _MCBSP_reset
00002840   _MCBSP_rrdy
00001da0   _MCBSP_start
00002860   _MCBSP_write
00002880   _MCBSP_xrdy
00003068   __IRQ_dispatchTable
00002fa4   __IRQ_eventTable
000028c0   __IRQ_hookFetchPacket
00003028   __IRQ_intTable
000030f4   __MCBSP_hDev0
000030f8   __MCBSP_hDev1
00002d00   __STACK_END
00000400   __STACK_SIZE
00000001   __TI_args_main
000024c0   ___TI_cpp_init
0000314c   ___TI_enable_exit_profile_output
ffffffff   ___TI_pprof_out_hndl
ffffffff   ___TI_prof_data_size
ffffffff   ___TI_prof_data_start
ffffffff   ___binit__
00000220   ___bss__
ffffffff   ___c_args__
00002d00   ___cinit__
00000220   ___end__
00002900   ___etext__
ffffffff   ___pinit__
00000220   ___text__
00002760   __args_main
00001ea0   __auto_init
00003144   __cleanup_ptr
00003148   __dtors_ptr
00002380   __fixfi
000025c0   __fltif
00002620   __frcmpyf
00001160   __mpyf
00002900   __stack
00001fa0   __strasg
000028a0   _abort
00000590   _audio_source
00002540   _c_int00
00003074   _cfgdata32
000030c0   _codec
00003094   _config
00002160   _copy_in
00000974   _delay
00002080   _exit
00003158   _g
000030bc   _hcodec
00000220   _initialize
00001600   _isr
000006fc   _left_input
00002680   _main
000013c0   _memcpy
00000894   _pwrap
0000090c   _qwrap
000007a0   _read_inputs
0000074c   _right_input
00000684   _rx_ready
000003c0   _sampling_rate
0000060c   _tx_ready
00000020   _vector1
00000140   _vector10
00000180   _vector12
000001a0   _vector13
000001c0   _vector14
000001e0   _vector15
00000040   _vector2
00000060   _vector3
00000080   _vector4
000000a0   _vector5
000000c0   _vector6
000000e0   _vector7
00000100   _vector8
00000120   _vector9
00000000   _vectors
00000824   _write_outputs
00003150   _xL
00003152   _xR
00003154   _yL
00003156   _yR
ffffffff   binit
00002d00   cinit
00000220   end
00002900   etext
ffffffff   pinit


GLOBAL SYMBOLS: SORTED BY Symbol Address 

address    name
--------   ----
00000000   _vectors
00000001   __TI_args_main
00000020   _vector1
00000040   _vector2
00000060   _vector3
00000080   _vector4
000000a0   _vector5
000000c0   _vector6
000000e0   _vector7
00000100   _vector8
00000120   _vector9
00000140   _vector10
00000180   _vector12
000001a0   _vector13
000001c0   _vector14
000001e0   _vector15
00000220   $bss
00000220   .bss
00000220   .text
00000220   ___bss__
00000220   ___end__
00000220   ___text__
00000220   _initialize
00000220   end
000003c0   _sampling_rate
00000400   __STACK_SIZE
00000590   _audio_source
0000060c   _tx_ready
00000684   _rx_ready
000006fc   _left_input
0000074c   _right_input
000007a0   _read_inputs
00000824   _write_outputs
00000894   _pwrap
0000090c   _qwrap
00000974   _delay
00000a2c   _DSK6713_init
00000d48   _DSK6713_rget
00000d5c   _DSK6713_rset
00000d70   _DSK6713_wait
00000dc8   _DSK6713_waitusec
00000df4   _DSK6713_getVersion
00000e60   _DSK6713_AIC23_openCodec
00001160   __mpyf
000013c0   _memcpy
00001600   _isr
00001800   _IRQ_map
000019c0   _MCBSP_reset
00001b60   _DSK6713_AIC23_rset
00001bf8   _DSK6713_AIC23_rget
00001c20   _DSK6713_AIC23_config
00001ca0   _MCBSP_open
00001da0   _MCBSP_start
00001ea0   __auto_init
00001fa0   __strasg
00002080   _exit
00002160   _copy_in
00002220   _DSK6713_AIC23_setFreq
000022e0   _MCBSP_config
00002380   __fixfi
000024c0   ___TI_cpp_init
00002540   _c_int00
000025c0   __fltif
00002620   __frcmpyf
00002680   _main
000026e0   _IRQ_enable
00002720   _IRQ_reset
00002760   __args_main
000027a0   _IRQ_globalDisable
000027c0   _IRQ_globalEnable
000027e0   _IRQ_nmiEnable
00002800   _MCBSP_getXmtEventId
00002820   _MCBSP_read
00002840   _MCBSP_rrdy
00002860   _MCBSP_write
00002880   _MCBSP_xrdy
000028a0   C$$EXIT
000028a0   _abort
000028c0   __IRQ_hookFetchPacket
00002900   ___etext__
00002900   __stack
00002900   etext
00002d00   __STACK_END
00002d00   ___cinit__
00002d00   cinit
00002fa4   __IRQ_eventTable
00003028   __IRQ_intTable
00003068   __IRQ_dispatchTable
00003074   _cfgdata32
00003094   _config
000030bc   _hcodec
000030c0   _codec
000030f4   __MCBSP_hDev0
000030f8   __MCBSP_hDev1
00003144   __cleanup_ptr
00003148   __dtors_ptr
0000314c   ___TI_enable_exit_profile_output
00003150   _xL
00003152   _xR
00003154   _yL
00003156   _yR
00003158   _g
0000315c   _DSK6713_AIC23_codeccontrolhandle
00003160   _DSK6713_AIC23_codecdatahandle
00003164   _DSK6713_version
ffffffff   ___TI_pprof_out_hndl
ffffffff   ___TI_prof_data_size
ffffffff   ___TI_prof_data_start
ffffffff   ___binit__
ffffffff   ___c_args__
ffffffff   ___pinit__
ffffffff   binit
ffffffff   pinit

[113 symbols]
