******************************************************************************
               TMS320C6x Linker PC v7.4.8                      
******************************************************************************
>> Linked Mon Mar 02 10:40:30 2015

OUTPUT FILE NAME:   <sin88_LED8.out>
ENTRY POINT SYMBOL: "_c_int00"  address: 00002320


MEMORY CONFIGURATION

         name            origin    length      used     unused   attr    fill
----------------------  --------  ---------  --------  --------  ----  --------
  IVECS                 00000000   00000220  00000200  00000020  RWIX
  IRAM                  00000220   0002fde0  00002d34  0002d0ac  RWIX
  SDRAM                 80000000   01000000  00000000  01000000  RWIX
  FLASH                 90000000   00020000  00000000  00020000  RWIX


SECTION ALLOCATION MAP

 output                                  attributes/
section   page    origin      length       input sections
--------  ----  ----------  ----------   ----------------
.vectors   0    00000000    00000200     
                  00000000    00000200     Vectors_poll.obj (.vectors)

.text      0    00000220    00002420     
                  00000220    000007c0     c6713dskinit.obj (.text)
                  000009e0    00000480     dsk6713bsl.lib : dsk6713.obj (.text)
                  00000e60    00000300                    : dsk6713_aic23_opencodec.obj (.text)
                  00001160    00000240     rts6700.lib : memcpy62.obj (.text:_memcpy)
                  000013a0    000001e0     dsk6713bsl.lib : dsk6713_led.obj (.text)
                  00001580    000001c0     csl6713.lib : csl_irq.obj (.text:_IRQ_map)
                  00001740    000001a0                 : csl_mcbsp.obj (.text:_MCBSP_reset)
                  000018e0    00000140     dsk6713bsl.lib : dsk6713_aic23_registers.obj (.text)
                  00001a20    00000100     Sine8_LED.obj (.text)
                  00001b20    00000100     csl6713.lib : csl_mcbsp.obj (.text:_MCBSP_open)
                  00001c20    00000100                 : csl_mcbsp.obj (.text:_MCBSP_start)
                  00001d20    00000100     rts6700.lib : autoinit.obj (.text:__auto_init)
                  00001e20    000000e0                 : strasg.obj (.text:__strasg)
                  00001f00    000000e0                 : exit.obj (.text:_exit)
                  00001fe0    000000c0                 : cpy_tbl.obj (.text:_copy_in)
                  000020a0    000000c0     dsk6713bsl.lib : dsk6713_aic23_setfreq.obj (.text)
                  00002160    000000a0     csl6713.lib : csl_mcbsp.obj (.text:_MCBSP_config)
                  00002200    000000a0                 : csl_irq.obj (.text:_setMux)
                  000022a0    00000080     rts6700.lib : cpp_init.obj (.text:___TI_cpp_init)
                  00002320    00000080                 : boot.obj (.text:_c_int00)
                  000023a0    00000080     dsk6713bsl.lib : dsk6713_dip.obj (.text)
                  00002420    00000040     csl6713.lib : csl_irq.obj (.text:_IRQ_enable)
                  00002460    00000040                 : csl_irq.obj (.text:_IRQ_reset)
                  000024a0    00000040     rts6700.lib : args_main.obj (.text:__args_main)
                  000024e0    00000020     Vectors_poll.obj (.text)
                  00002500    00000020     csl6713.lib : csl_irq.obj (.text:_IRQ_globalDisable)
                  00002520    00000020                 : csl_irq.obj (.text:_IRQ_globalEnable)
                  00002540    00000020                 : csl_irq.obj (.text:_IRQ_nmiEnable)
                  00002560    00000020                 : csl_mcbsp.obj (.text:_MCBSP_getXmtEventId)
                  00002580    00000020                 : csl_mcbsp.obj (.text:_MCBSP_read)
                  000025a0    00000020                 : csl_mcbsp.obj (.text:_MCBSP_rrdy)
                  000025c0    00000020                 : csl_mcbsp.obj (.text:_MCBSP_write)
                  000025e0    00000020                 : csl_mcbsp.obj (.text:_MCBSP_xrdy)
                  00002600    00000020     rts6700.lib : exit.obj (.text:_abort)
                  00002620    00000020     csl6713.lib : csl_irq.obj (.text)

.bss       0    00000220    00000000     UNINITIALIZED

.stack     0    00002640    00000400     UNINITIALIZED
                  00002640    00000008     rts6700.lib : boot.obj (.stack)
                  00002648    000003f8     --HOLE--

.cinit     0    00002a40    000002bc     
                  00002a40    0000012c     csl6713.lib : csl_irq.obj (.cinit)
                  00002b6c    00000004     --HOLE-- [fill = 0]
                  00002b70    00000058     c6713dskinit.obj (.cinit)
                  00002bc8    00000054     csl6713.lib : csl_mcbsp.obj (.cinit)
                  00002c1c    00000004     --HOLE-- [fill = 0]
                  00002c20    00000050     Sine8_LED.obj (.cinit)
                  00002c70    00000030     dsk6713bsl.lib : dsk6713_aic23_registers.obj (.cinit)
                  00002ca0    0000002c     rts6700.lib : exit.obj (.cinit)
                  00002ccc    00000004     --HOLE-- [fill = 0]
                  00002cd0    00000028     dsk6713bsl.lib : dsk6713_aic23_setfreq.obj (.cinit)
                  00002cf8    00000004     --HOLE-- [fill = 0]

.far       0    00002cfc    000001f8     UNINITIALIZED
                  00002cfc    000000f4     csl6713.lib : csl_irq.obj (.far)
                  00002df0    00000058     c6713dskinit.obj (.far)
                  00002e48    00000038     csl6713.lib : csl_mcbsp.obj (.far)
                  00002e80    00000028     dsk6713bsl.lib : dsk6713_aic23_registers.obj (.far)
                  00002ea8    00000020                    : dsk6713_aic23_setfreq.obj (.far)
                  00002ec8    00000014     Sine8_LED.obj (.far)
                  00002edc    0000000c     rts6700.lib : exit.obj (.far)
                  00002ee8    00000008     dsk6713bsl.lib : dsk6713_aic23_opencodec.obj (.far)
                  00002ef0    00000002                    : dsk6713.obj (.far)
                  00002ef2    00000002                    : dsk6713_led.obj (.far)

.const     0    00002ef4    00000060     
                  00002ef4    00000040     dsk6713bsl.lib : dsk6713_aic23_opencodec.obj (.const)
                  00002f34    00000020                    : dsk6713.obj (.const)


GLOBAL SYMBOLS: SORTED ALPHABETICALLY BY Name 

address    name
--------   ----
00000220   $bss
00000220   .bss
00000220   .text
00002600   C$$EXIT
00002dfc   _AIC23CfgData
00002df0   _AIC_data
00002ee8   _DSK6713_AIC23_codeccontrolhandle
00002eec   _DSK6713_AIC23_codecdatahandle
000019a0   _DSK6713_AIC23_config
00000e60   _DSK6713_AIC23_openCodec
00001978   _DSK6713_AIC23_rget
000018e0   _DSK6713_AIC23_rset
000020a0   _DSK6713_AIC23_setFreq
000023a8   _DSK6713_DIP_get
000023a0   _DSK6713_DIP_init
000013a0   _DSK6713_LED_init
000013e0   _DSK6713_LED_off
00001450   _DSK6713_LED_on
000014c0   _DSK6713_LED_toggle
00000df4   _DSK6713_getVersion
00000a2c   _DSK6713_init
00000d48   _DSK6713_rget
00000d5c   _DSK6713_rset
00002ef0   _DSK6713_version
00000d70   _DSK6713_wait
00000dc8   _DSK6713_waitusec
00002420   _IRQ_enable
00002500   _IRQ_globalDisable
00002520   _IRQ_globalEnable
00001580   _IRQ_map
00002540   _IRQ_nmiEnable
00002460   _IRQ_reset
00002160   _MCBSP_config
00002560   _MCBSP_getXmtEventId
00001b20   _MCBSP_open
00002580   _MCBSP_read
00001740   _MCBSP_reset
000025a0   _MCBSP_rrdy
00001c20   _MCBSP_start
000025c0   _MCBSP_write
000025e0   _MCBSP_xrdy
00002de8   __IRQ_dispatchTable
00002d24   __IRQ_eventTable
00002620   __IRQ_hookFetchPacket
00002da8   __IRQ_intTable
00002e78   __MCBSP_hDev0
00002e7c   __MCBSP_hDev1
00002a40   __STACK_END
00000400   __STACK_SIZE
00000001   __TI_args_main
000022a0   ___TI_cpp_init
00002ee4   ___TI_enable_exit_profile_output
ffffffff   ___TI_pprof_out_hndl
ffffffff   ___TI_prof_data_size
ffffffff   ___TI_prof_data_start
ffffffff   ___binit__
00000220   ___bss__
ffffffff   ___c_args__
00002a40   ___cinit__
00000220   ___end__
00002640   ___etext__
ffffffff   ___pinit__
00000220   ___text__
000024a0   __args_main
00001d20   __auto_init
00002edc   __cleanup_ptr
00002ee0   __dtors_ptr
00002640   __stack
00001e20   __strasg
00002600   _abort
00000220   _c6713_dsk_init
00002320   _c_int00
00000340   _comm_intr
0000030c   _comm_poll
00002e1c   _config
00001fe0   _copy_in
00001f00   _exit
00002ec8   _fs
00002ed0   _gain
00002e44   _hAIC23_handle
00000848   _input_left_sample
00000910   _input_right_sample
00000744   _input_sample
00002ecc   _inputsource
00002ece   _loopindex
00001a20   _main
00001160   _memcpy
00000584   _output_left_sample
00000664   _output_right_sample
0000046c   _output_sample
00002ed4   _sine_table
00000020   _vector1
00000140   _vector10
00000160   _vector11
00000180   _vector12
000001a0   _vector13
000001c0   _vector14
000001e0   _vector15
00000040   _vector2
00000060   _vector3
00000080   _vector4
000000a0   _vector5
000000c0   _vector6
000000e0   _vector7
00000100   _vector8
00000120   _vector9
00000000   _vectors
ffffffff   binit
00002a40   cinit
00000220   end
00002640   etext
ffffffff   pinit


GLOBAL SYMBOLS: SORTED BY Symbol Address 

address    name
--------   ----
00000000   _vectors
00000001   __TI_args_main
00000020   _vector1
00000040   _vector2
00000060   _vector3
00000080   _vector4
000000a0   _vector5
000000c0   _vector6
000000e0   _vector7
00000100   _vector8
00000120   _vector9
00000140   _vector10
00000160   _vector11
00000180   _vector12
000001a0   _vector13
000001c0   _vector14
000001e0   _vector15
00000220   $bss
00000220   .bss
00000220   .text
00000220   ___bss__
00000220   ___end__
00000220   ___text__
00000220   _c6713_dsk_init
00000220   end
0000030c   _comm_poll
00000340   _comm_intr
00000400   __STACK_SIZE
0000046c   _output_sample
00000584   _output_left_sample
00000664   _output_right_sample
00000744   _input_sample
00000848   _input_left_sample
00000910   _input_right_sample
00000a2c   _DSK6713_init
00000d48   _DSK6713_rget
00000d5c   _DSK6713_rset
00000d70   _DSK6713_wait
00000dc8   _DSK6713_waitusec
00000df4   _DSK6713_getVersion
00000e60   _DSK6713_AIC23_openCodec
00001160   _memcpy
000013a0   _DSK6713_LED_init
000013e0   _DSK6713_LED_off
00001450   _DSK6713_LED_on
000014c0   _DSK6713_LED_toggle
00001580   _IRQ_map
00001740   _MCBSP_reset
000018e0   _DSK6713_AIC23_rset
00001978   _DSK6713_AIC23_rget
000019a0   _DSK6713_AIC23_config
00001a20   _main
00001b20   _MCBSP_open
00001c20   _MCBSP_start
00001d20   __auto_init
00001e20   __strasg
00001f00   _exit
00001fe0   _copy_in
000020a0   _DSK6713_AIC23_setFreq
00002160   _MCBSP_config
000022a0   ___TI_cpp_init
00002320   _c_int00
000023a0   _DSK6713_DIP_init
000023a8   _DSK6713_DIP_get
00002420   _IRQ_enable
00002460   _IRQ_reset
000024a0   __args_main
00002500   _IRQ_globalDisable
00002520   _IRQ_globalEnable
00002540   _IRQ_nmiEnable
00002560   _MCBSP_getXmtEventId
00002580   _MCBSP_read
000025a0   _MCBSP_rrdy
000025c0   _MCBSP_write
000025e0   _MCBSP_xrdy
00002600   C$$EXIT
00002600   _abort
00002620   __IRQ_hookFetchPacket
00002640   ___etext__
00002640   __stack
00002640   etext
00002a40   __STACK_END
00002a40   ___cinit__
00002a40   cinit
00002d24   __IRQ_eventTable
00002da8   __IRQ_intTable
00002de8   __IRQ_dispatchTable
00002df0   _AIC_data
00002dfc   _AIC23CfgData
00002e1c   _config
00002e44   _hAIC23_handle
00002e78   __MCBSP_hDev0
00002e7c   __MCBSP_hDev1
00002ec8   _fs
00002ecc   _inputsource
00002ece   _loopindex
00002ed0   _gain
00002ed4   _sine_table
00002edc   __cleanup_ptr
00002ee0   __dtors_ptr
00002ee4   ___TI_enable_exit_profile_output
00002ee8   _DSK6713_AIC23_codeccontrolhandle
00002eec   _DSK6713_AIC23_codecdatahandle
00002ef0   _DSK6713_version
ffffffff   ___TI_pprof_out_hndl
ffffffff   ___TI_prof_data_size
ffffffff   ___TI_prof_data_start
ffffffff   ___binit__
ffffffff   ___c_args__
ffffffff   ___pinit__
ffffffff   binit
ffffffff   pinit

[112 symbols]
