******************************************************************************
               TMS320C6x Linker PC v7.4.8                      
******************************************************************************
>> Linked Sun May 17 18:25:28 2015

OUTPUT FILE NAME:   <lab5dsp.out>
ENTRY POINT SYMBOL: "_c_int00"  address: 0000a300


MEMORY CONFIGURATION

         name            origin    length      used     unused   attr    fill
----------------------  --------  ---------  --------  --------  ----  --------
  IVECS                 00000000   00000220  00000200  00000020  RWIX
  IRAM                  00000220   0002fde0  0000aaca  00025316  RWIX
  SDRAM                 80000000   01000000  00000000  01000000  RWIX
  FLASH                 90000000   00020000  00000000  00020000  RWIX


SECTION ALLOCATION MAP

 output                                  attributes/
section   page    origin      length       input sections
--------  ----  ----------  ----------   ----------------
.vectors   0    00000000    00000200     
                  00000000    00000200     vectors.obj (.vectors)

.bss       0    00000220    00000000     UNINITIALIZED

.far       0    00000220    00007efe     UNINITIALIZED
                  00000220    00007d20     template.obj (.far)
                  00007f40    000000f4     csl6713.lib : csl_irq.obj (.far)
                  00008034    00000054     dsplab.obj (.far)
                  00008088    00000038     csl6713.lib : csl_mcbsp.obj (.far)
                  000080c0    00000028     dsk6713bsl.lib : dsk6713_aic23_registers.obj (.far)
                  000080e8    00000020                    : dsk6713_aic23_setfreq.obj (.far)
                  00008108    0000000c     rts6200.lib : exit.obj (.far)
                  00008114    00000008     dsk6713bsl.lib : dsk6713_aic23_opencodec.obj (.far)
                  0000811c    00000002                    : dsk6713.obj (.far)

.text      0    00008120    000024e0     
                  00008120    000007c0     dsplab.obj (.text)
                  000088e0    00000480     dsk6713bsl.lib : dsk6713.obj (.text)
                  00008d60    00000300                    : dsk6713_aic23_opencodec.obj (.text)
                  00009060    00000260     template.obj (.text:retain)
                  000092c0    00000240     rts6200.lib : memcpy62.obj (.text:_memcpy)
                  00009500    000001c0     csl6713.lib : csl_irq.obj (.text:_IRQ_map)
                  000096c0    000001a0                 : csl_mcbsp.obj (.text:_MCBSP_reset)
                  00009860    00000140     dsk6713bsl.lib : dsk6713_aic23_registers.obj (.text)
                  000099a0    00000100     csl6713.lib : csl_mcbsp.obj (.text:_MCBSP_open)
                  00009aa0    00000100                 : csl_mcbsp.obj (.text:_MCBSP_start)
                  00009ba0    00000100     rts6200.lib : autoinit.obj (.text:__auto_init)
                  00009ca0    000000e0                 : strasg.obj (.text:__strasg)
                  00009d80    000000e0                 : exit.obj (.text:_exit)
                  00009e60    000000c0                 : cpy_tbl.obj (.text:_copy_in)
                  00009f20    000000c0     dsk6713bsl.lib : dsk6713_aic23_setfreq.obj (.text)
                  00009fe0    000000c0     template.obj (.text)
                  0000a0a0    000000a0     csl6713.lib : csl_mcbsp.obj (.text:_MCBSP_config)
                  0000a140    000000a0     rts6200.lib : fixfi.obj (.text:__fixfi)
                  0000a1e0    000000a0     csl6713.lib : csl_irq.obj (.text:_setMux)
                  0000a280    00000080     rts6200.lib : cpp_init.obj (.text:___TI_cpp_init)
                  0000a300    00000080                 : boot.obj (.text:_c_int00)
                  0000a380    00000060                 : fltif.obj (.text:__fltif)
                  0000a3e0    00000040     csl6713.lib : csl_irq.obj (.text:_IRQ_enable)
                  0000a420    00000040                 : csl_irq.obj (.text:_IRQ_reset)
                  0000a460    00000040     rts6200.lib : args_main.obj (.text:__args_main)
                  0000a4a0    00000020     csl6713.lib : csl_irq.obj (.text:_IRQ_globalDisable)
                  0000a4c0    00000020                 : csl_irq.obj (.text:_IRQ_globalEnable)
                  0000a4e0    00000020                 : csl_irq.obj (.text:_IRQ_nmiEnable)
                  0000a500    00000020                 : csl_mcbsp.obj (.text:_MCBSP_getXmtEventId)
                  0000a520    00000020                 : csl_mcbsp.obj (.text:_MCBSP_read)
                  0000a540    00000020                 : csl_mcbsp.obj (.text:_MCBSP_rrdy)
                  0000a560    00000020                 : csl_mcbsp.obj (.text:_MCBSP_write)
                  0000a580    00000020                 : csl_mcbsp.obj (.text:_MCBSP_xrdy)
                  0000a5a0    00000020     rts6200.lib : exit.obj (.text:_abort)
                  0000a5c0    00000020     csl6713.lib : csl_irq.obj (.text)
                  0000a5e0    00000020     vectors.obj (.text)

.stack     0    0000a600    00000400     UNINITIALIZED
                  0000a600    00000008     rts6200.lib : boot.obj (.stack)
                  0000a608    000003f8     --HOLE--

.cinit     0    0000aa00    0000028c     
                  0000aa00    0000012c     csl6713.lib : csl_irq.obj (.cinit)
                  0000ab2c    00000004     --HOLE-- [fill = 0]
                  0000ab30    00000058     dsplab.obj (.cinit)
                  0000ab88    00000054     csl6713.lib : csl_mcbsp.obj (.cinit)
                  0000abdc    00000004     --HOLE-- [fill = 0]
                  0000abe0    00000030     dsk6713bsl.lib : dsk6713_aic23_registers.obj (.cinit)
                  0000ac10    0000002c     rts6200.lib : exit.obj (.cinit)
                  0000ac3c    00000004     --HOLE-- [fill = 0]
                  0000ac40    00000028     dsk6713bsl.lib : dsk6713_aic23_setfreq.obj (.cinit)
                  0000ac68    0000001c     template.obj (.cinit)
                  0000ac84    00000004     --HOLE-- [fill = 0]
                  0000ac88    00000004     (.pad.cinit) [fill = 0]

.const     0    0000ac8c    00000060     
                  0000ac8c    00000040     dsk6713bsl.lib : dsk6713_aic23_opencodec.obj (.const)
                  0000accc    00000020                    : dsk6713.obj (.const)


GLOBAL SYMBOLS: SORTED ALPHABETICALLY BY Name 

address    name
--------   ----
00000220   $bss
00000220   .bss
00008120   .text
0000a5a0   C$$EXIT
00008114   _DSK6713_AIC23_codeccontrolhandle
00008118   _DSK6713_AIC23_codecdatahandle
00009920   _DSK6713_AIC23_config
00008d60   _DSK6713_AIC23_openCodec
000098f8   _DSK6713_AIC23_rget
00009860   _DSK6713_AIC23_rset
00009f20   _DSK6713_AIC23_setFreq
00008cf4   _DSK6713_getVersion
0000892c   _DSK6713_init
00008c48   _DSK6713_rget
00008c5c   _DSK6713_rset
0000811c   _DSK6713_version
00008c70   _DSK6713_wait
00008cc8   _DSK6713_waitusec
0000a3e0   _IRQ_enable
0000a4a0   _IRQ_globalDisable
0000a4c0   _IRQ_globalEnable
00009500   _IRQ_map
0000a4e0   _IRQ_nmiEnable
0000a420   _IRQ_reset
0000a0a0   _MCBSP_config
0000a500   _MCBSP_getXmtEventId
000099a0   _MCBSP_open
0000a520   _MCBSP_read
000096c0   _MCBSP_reset
0000a540   _MCBSP_rrdy
00009aa0   _MCBSP_start
0000a560   _MCBSP_write
0000a580   _MCBSP_xrdy
0000802c   __IRQ_dispatchTable
00007f68   __IRQ_eventTable
0000a5c0   __IRQ_hookFetchPacket
00007fec   __IRQ_intTable
000080b8   __MCBSP_hDev0
000080bc   __MCBSP_hDev1
0000aa00   __STACK_END
00000400   __STACK_SIZE
00000001   __TI_args_main
0000a280   ___TI_cpp_init
00008110   ___TI_enable_exit_profile_output
ffffffff   ___TI_pprof_out_hndl
ffffffff   ___TI_prof_data_size
ffffffff   ___TI_prof_data_start
ffffffff   ___binit__
00000220   ___bss__
ffffffff   ___c_args__
0000aa00   ___cinit__
00000220   ___end__
0000a600   ___etext__
ffffffff   ___pinit__
00008120   ___text__
0000a460   __args_main
00009ba0   __auto_init
00008108   __cleanup_ptr
0000810c   __dtors_ptr
0000a140   __fixfi
0000a380   __fltif
0000a600   __stack
00009ca0   __strasg
0000a5a0   _abort
00008490   _audio_source
0000a300   _c_int00
00008038   _cfgdata32
00008084   _codec
00008058   _config
00009e60   _copy_in
00007f3c   _d
00008874   _delay
00009d80   _exit
00000228   _fs
00008080   _hcodec
00008120   _initialize
00009060   _isr
000085fc   _left_input
00009fe0   _main
000092c0   _memcpy
00007f30   _p
00008794   _pwrap
0000880c   _qwrap
000086a0   _read_inputs
0000864c   _right_input
00008584   _rx_ready
000082c0   _sampling_rate
0000850c   _tx_ready
00000020   _vector1
00000140   _vector10
00000180   _vector12
000001a0   _vector13
000001c0   _vector14
000001e0   _vector15
00000040   _vector2
00000060   _vector3
00000080   _vector4
000000a0   _vector5
000000c0   _vector6
000000e0   _vector7
00000100   _vector8
00000120   _vector9
00000000   _vectors
0000022c   _w
00008724   _write_outputs
00007f34   _x
00000220   _xL
00000222   _xR
00007f38   _y
00000224   _yL
00000226   _yR
ffffffff   binit
0000aa00   cinit
00000220   end
0000a600   etext
ffffffff   pinit


GLOBAL SYMBOLS: SORTED BY Symbol Address 

address    name
--------   ----
00000000   _vectors
00000001   __TI_args_main
00000020   _vector1
00000040   _vector2
00000060   _vector3
00000080   _vector4
000000a0   _vector5
000000c0   _vector6
000000e0   _vector7
00000100   _vector8
00000120   _vector9
00000140   _vector10
00000180   _vector12
000001a0   _vector13
000001c0   _vector14
000001e0   _vector15
00000220   $bss
00000220   .bss
00000220   ___bss__
00000220   ___end__
00000220   _xL
00000220   end
00000222   _xR
00000224   _yL
00000226   _yR
00000228   _fs
0000022c   _w
00000400   __STACK_SIZE
00007f30   _p
00007f34   _x
00007f38   _y
00007f3c   _d
00007f68   __IRQ_eventTable
00007fec   __IRQ_intTable
0000802c   __IRQ_dispatchTable
00008038   _cfgdata32
00008058   _config
00008080   _hcodec
00008084   _codec
000080b8   __MCBSP_hDev0
000080bc   __MCBSP_hDev1
00008108   __cleanup_ptr
0000810c   __dtors_ptr
00008110   ___TI_enable_exit_profile_output
00008114   _DSK6713_AIC23_codeccontrolhandle
00008118   _DSK6713_AIC23_codecdatahandle
0000811c   _DSK6713_version
00008120   .text
00008120   ___text__
00008120   _initialize
000082c0   _sampling_rate
00008490   _audio_source
0000850c   _tx_ready
00008584   _rx_ready
000085fc   _left_input
0000864c   _right_input
000086a0   _read_inputs
00008724   _write_outputs
00008794   _pwrap
0000880c   _qwrap
00008874   _delay
0000892c   _DSK6713_init
00008c48   _DSK6713_rget
00008c5c   _DSK6713_rset
00008c70   _DSK6713_wait
00008cc8   _DSK6713_waitusec
00008cf4   _DSK6713_getVersion
00008d60   _DSK6713_AIC23_openCodec
00009060   _isr
000092c0   _memcpy
00009500   _IRQ_map
000096c0   _MCBSP_reset
00009860   _DSK6713_AIC23_rset
000098f8   _DSK6713_AIC23_rget
00009920   _DSK6713_AIC23_config
000099a0   _MCBSP_open
00009aa0   _MCBSP_start
00009ba0   __auto_init
00009ca0   __strasg
00009d80   _exit
00009e60   _copy_in
00009f20   _DSK6713_AIC23_setFreq
00009fe0   _main
0000a0a0   _MCBSP_config
0000a140   __fixfi
0000a280   ___TI_cpp_init
0000a300   _c_int00
0000a380   __fltif
0000a3e0   _IRQ_enable
0000a420   _IRQ_reset
0000a460   __args_main
0000a4a0   _IRQ_globalDisable
0000a4c0   _IRQ_globalEnable
0000a4e0   _IRQ_nmiEnable
0000a500   _MCBSP_getXmtEventId
0000a520   _MCBSP_read
0000a540   _MCBSP_rrdy
0000a560   _MCBSP_write
0000a580   _MCBSP_xrdy
0000a5a0   C$$EXIT
0000a5a0   _abort
0000a5c0   __IRQ_hookFetchPacket
0000a600   ___etext__
0000a600   __stack
0000a600   etext
0000aa00   __STACK_END
0000aa00   ___cinit__
0000aa00   cinit
ffffffff   ___TI_pprof_out_hndl
ffffffff   ___TI_prof_data_size
ffffffff   ___TI_prof_data_start
ffffffff   ___binit__
ffffffff   ___c_args__
ffffffff   ___pinit__
ffffffff   binit
ffffffff   pinit

[116 symbols]
