<?xml version="1.0"?>
<link_info>
   <banner>TMS320C6x Linker PC v7.4.8</banner>
   <copyright>Copyright (c) 1996-2014 Texas Instruments Incorporated</copyright>
   <link_time>0x555896c8</link_time>
   <output_file>lab5dsp.out</output_file>
   <entry_point>
      <name>_c_int00</name>
      <address>0xa300</address>
   </entry_point>
   <input_file_list>
      <input_file id="fl-2">
         <path>.\</path>
         <kind>object</kind>
         <file>dsplab.obj</file>
         <name>dsplab.obj</name>
      </input_file>
      <input_file id="fl-3">
         <path>.\</path>
         <kind>object</kind>
         <file>template.obj</file>
         <name>template.obj</name>
      </input_file>
      <input_file id="fl-4">
         <path>.\</path>
         <kind>object</kind>
         <file>vectors.obj</file>
         <name>vectors.obj</name>
      </input_file>
      <input_file id="fl-81">
         <path>c:\ti\ccsv6\tools\compiler\c6000_7.4.8\lib\</path>
         <kind>archive</kind>
         <file>rts6200.lib</file>
         <name>boot.obj</name>
      </input_file>
      <input_file id="fl-82">
         <path>c:\ti\ccsv6\tools\compiler\c6000_7.4.8\lib\</path>
         <kind>archive</kind>
         <file>rts6200.lib</file>
         <name>exit.obj</name>
      </input_file>
      <input_file id="fl-83">
         <path>c:\ti\ccsv6\tools\compiler\c6000_7.4.8\lib\</path>
         <kind>archive</kind>
         <file>rts6200.lib</file>
         <name>fixfi.obj</name>
      </input_file>
      <input_file id="fl-84">
         <path>c:\ti\ccsv6\tools\compiler\c6000_7.4.8\lib\</path>
         <kind>archive</kind>
         <file>rts6200.lib</file>
         <name>fltif.obj</name>
      </input_file>
      <input_file id="fl-85">
         <path>c:\ti\ccsv6\tools\compiler\c6000_7.4.8\lib\</path>
         <kind>archive</kind>
         <file>rts6200.lib</file>
         <name>args_main.obj</name>
      </input_file>
      <input_file id="fl-86">
         <path>c:\ti\ccsv6\tools\compiler\c6000_7.4.8\lib\</path>
         <kind>archive</kind>
         <file>rts6200.lib</file>
         <name>autoinit.obj</name>
      </input_file>
      <input_file id="fl-87">
         <path>c:\ti\ccsv6\tools\compiler\c6000_7.4.8\lib\</path>
         <kind>archive</kind>
         <file>rts6200.lib</file>
         <name>cpp_init.obj</name>
      </input_file>
      <input_file id="fl-88">
         <path>c:\ti\ccsv6\tools\compiler\c6000_7.4.8\lib\</path>
         <kind>archive</kind>
         <file>rts6200.lib</file>
         <name>cpy_tbl.obj</name>
      </input_file>
      <input_file id="fl-89">
         <path>c:\ti\ccsv6\tools\compiler\c6000_7.4.8\lib\</path>
         <kind>archive</kind>
         <file>rts6200.lib</file>
         <name>memcpy62.obj</name>
      </input_file>
      <input_file id="fl-8a">
         <path>C:\ti\DSK6713\DSK6713\c6000\dsk6713\lib\</path>
         <kind>archive</kind>
         <file>dsk6713bsl.lib</file>
         <name>dsk6713.obj</name>
      </input_file>
      <input_file id="fl-8b">
         <path>C:\ti\DSK6713\DSK6713\c6000\dsk6713\lib\</path>
         <kind>archive</kind>
         <file>dsk6713bsl.lib</file>
         <name>dsk6713_aic23_opencodec.obj</name>
      </input_file>
      <input_file id="fl-8c">
         <path>C:\ti\DSK6713\DSK6713\c6000\dsk6713\lib\</path>
         <kind>archive</kind>
         <file>dsk6713bsl.lib</file>
         <name>dsk6713_aic23_registers.obj</name>
      </input_file>
      <input_file id="fl-8d">
         <path>C:\ti\DSK6713\DSK6713\c6000\dsk6713\lib\</path>
         <kind>archive</kind>
         <file>dsk6713bsl.lib</file>
         <name>dsk6713_aic23_setfreq.obj</name>
      </input_file>
      <input_file id="fl-8e">
         <path>C:\ti\C6xCSL\lib_3x\</path>
         <kind>archive</kind>
         <file>csl6713.lib</file>
         <name>csl_irq.obj</name>
      </input_file>
      <input_file id="fl-8f">
         <path>C:\ti\C6xCSL\lib_3x\</path>
         <kind>archive</kind>
         <file>csl6713.lib</file>
         <name>csl_mcbsp.obj</name>
      </input_file>
      <input_file id="fl-90">
         <path>c:\ti\ccsv6\tools\compiler\c6000_7.4.8\lib\</path>
         <kind>archive</kind>
         <file>rts6200.lib</file>
         <name>strasg.obj</name>
      </input_file>
   </input_file_list>
   <object_component_list>
      <object_component id="oc-1d">
         <name>.vectors</name>
         <load_address>0x0</load_address>
         <run_address>0x0</run_address>
         <size>0x200</size>
         <input_file_ref idref="fl-4"/>
      </object_component>
      <object_component id="oc-68">
         <name>.text</name>
         <load_address>0x8120</load_address>
         <run_address>0x8120</run_address>
         <size>0x7c0</size>
         <input_file_ref idref="fl-2"/>
      </object_component>
      <object_component id="oc-3f">
         <name>.text</name>
         <load_address>0x88e0</load_address>
         <run_address>0x88e0</run_address>
         <size>0x480</size>
         <input_file_ref idref="fl-8a"/>
      </object_component>
      <object_component id="oc-45">
         <name>.text</name>
         <load_address>0x8d60</load_address>
         <run_address>0x8d60</run_address>
         <size>0x300</size>
         <input_file_ref idref="fl-8b"/>
      </object_component>
      <object_component id="oc-18">
         <name>.text:retain</name>
         <load_address>0x9060</load_address>
         <run_address>0x9060</run_address>
         <size>0x260</size>
         <input_file_ref idref="fl-3"/>
      </object_component>
      <object_component id="oc-6f">
         <name>.text:_memcpy</name>
         <load_address>0x92c0</load_address>
         <run_address>0x92c0</run_address>
         <size>0x240</size>
         <input_file_ref idref="fl-89"/>
      </object_component>
      <object_component id="oc-76">
         <name>.text:_IRQ_map</name>
         <load_address>0x9500</load_address>
         <run_address>0x9500</run_address>
         <size>0x1c0</size>
         <input_file_ref idref="fl-8e"/>
      </object_component>
      <object_component id="oc-7f">
         <name>.text:_MCBSP_reset</name>
         <load_address>0x96c0</load_address>
         <run_address>0x96c0</run_address>
         <size>0x1a0</size>
         <input_file_ref idref="fl-8f"/>
      </object_component>
      <object_component id="oc-4b">
         <name>.text</name>
         <load_address>0x9860</load_address>
         <run_address>0x9860</run_address>
         <size>0x140</size>
         <input_file_ref idref="fl-8c"/>
      </object_component>
      <object_component id="oc-6c">
         <name>.text:_MCBSP_open</name>
         <load_address>0x99a0</load_address>
         <run_address>0x99a0</run_address>
         <size>0x100</size>
         <input_file_ref idref="fl-8f"/>
      </object_component>
      <object_component id="oc-6d">
         <name>.text:_MCBSP_start</name>
         <load_address>0x9aa0</load_address>
         <run_address>0x9aa0</run_address>
         <size>0x100</size>
         <input_file_ref idref="fl-8f"/>
      </object_component>
      <object_component id="oc-65">
         <name>.text:__auto_init</name>
         <load_address>0x9ba0</load_address>
         <run_address>0x9ba0</run_address>
         <size>0x100</size>
         <input_file_ref idref="fl-86"/>
      </object_component>
      <object_component id="oc-6b">
         <name>.text:__strasg</name>
         <load_address>0x9ca0</load_address>
         <run_address>0x9ca0</run_address>
         <size>0xe0</size>
         <input_file_ref idref="fl-90"/>
      </object_component>
      <object_component id="oc-67">
         <name>.text:_exit</name>
         <load_address>0x9d80</load_address>
         <run_address>0x9d80</run_address>
         <size>0xe0</size>
         <input_file_ref idref="fl-82"/>
      </object_component>
      <object_component id="oc-6e">
         <name>.text:_copy_in</name>
         <load_address>0x9e60</load_address>
         <run_address>0x9e60</run_address>
         <size>0xc0</size>
         <input_file_ref idref="fl-88"/>
      </object_component>
      <object_component id="oc-51">
         <name>.text</name>
         <load_address>0x9f20</load_address>
         <run_address>0x9f20</run_address>
         <size>0xc0</size>
         <input_file_ref idref="fl-8d"/>
      </object_component>
      <object_component id="oc-71">
         <name>.text</name>
         <load_address>0x9fe0</load_address>
         <run_address>0x9fe0</run_address>
         <size>0xc0</size>
         <input_file_ref idref="fl-3"/>
      </object_component>
      <object_component id="oc-74">
         <name>.text:_MCBSP_config</name>
         <load_address>0xa0a0</load_address>
         <run_address>0xa0a0</run_address>
         <size>0xa0</size>
         <input_file_ref idref="fl-8f"/>
      </object_component>
      <object_component id="oc-6a">
         <name>.text:__fixfi</name>
         <load_address>0xa140</load_address>
         <run_address>0xa140</run_address>
         <size>0xa0</size>
         <input_file_ref idref="fl-83"/>
      </object_component>
      <object_component id="oc-80">
         <name>.text:_setMux</name>
         <load_address>0xa1e0</load_address>
         <run_address>0xa1e0</run_address>
         <size>0xa0</size>
         <input_file_ref idref="fl-8e"/>
      </object_component>
      <object_component id="oc-70">
         <name>.text:___TI_cpp_init</name>
         <load_address>0xa280</load_address>
         <run_address>0xa280</run_address>
         <size>0x80</size>
         <input_file_ref idref="fl-87"/>
      </object_component>
      <object_component id="oc-e">
         <name>.text:_c_int00</name>
         <load_address>0xa300</load_address>
         <run_address>0xa300</run_address>
         <size>0x80</size>
         <input_file_ref idref="fl-81"/>
      </object_component>
      <object_component id="oc-69">
         <name>.text:__fltif</name>
         <load_address>0xa380</load_address>
         <run_address>0xa380</run_address>
         <size>0x60</size>
         <input_file_ref idref="fl-84"/>
      </object_component>
      <object_component id="oc-7a">
         <name>.text:_IRQ_enable</name>
         <load_address>0xa3e0</load_address>
         <run_address>0xa3e0</run_address>
         <size>0x40</size>
         <input_file_ref idref="fl-8e"/>
      </object_component>
      <object_component id="oc-77">
         <name>.text:_IRQ_reset</name>
         <load_address>0xa420</load_address>
         <run_address>0xa420</run_address>
         <size>0x40</size>
         <input_file_ref idref="fl-8e"/>
      </object_component>
      <object_component id="oc-66">
         <name>.text:__args_main</name>
         <load_address>0xa460</load_address>
         <run_address>0xa460</run_address>
         <size>0x40</size>
         <input_file_ref idref="fl-85"/>
      </object_component>
      <object_component id="oc-73">
         <name>.text:_IRQ_globalDisable</name>
         <load_address>0xa4a0</load_address>
         <run_address>0xa4a0</run_address>
         <size>0x20</size>
         <input_file_ref idref="fl-8e"/>
      </object_component>
      <object_component id="oc-78">
         <name>.text:_IRQ_globalEnable</name>
         <load_address>0xa4c0</load_address>
         <run_address>0xa4c0</run_address>
         <size>0x20</size>
         <input_file_ref idref="fl-8e"/>
      </object_component>
      <object_component id="oc-79">
         <name>.text:_IRQ_nmiEnable</name>
         <load_address>0xa4e0</load_address>
         <run_address>0xa4e0</run_address>
         <size>0x20</size>
         <input_file_ref idref="fl-8e"/>
      </object_component>
      <object_component id="oc-75">
         <name>.text:_MCBSP_getXmtEventId</name>
         <load_address>0xa500</load_address>
         <run_address>0xa500</run_address>
         <size>0x20</size>
         <input_file_ref idref="fl-8f"/>
      </object_component>
      <object_component id="oc-7d">
         <name>.text:_MCBSP_read</name>
         <load_address>0xa520</load_address>
         <run_address>0xa520</run_address>
         <size>0x20</size>
         <input_file_ref idref="fl-8f"/>
      </object_component>
      <object_component id="oc-7c">
         <name>.text:_MCBSP_rrdy</name>
         <load_address>0xa540</load_address>
         <run_address>0xa540</run_address>
         <size>0x20</size>
         <input_file_ref idref="fl-8f"/>
      </object_component>
      <object_component id="oc-7e">
         <name>.text:_MCBSP_write</name>
         <load_address>0xa560</load_address>
         <run_address>0xa560</run_address>
         <size>0x20</size>
         <input_file_ref idref="fl-8f"/>
      </object_component>
      <object_component id="oc-7b">
         <name>.text:_MCBSP_xrdy</name>
         <load_address>0xa580</load_address>
         <run_address>0xa580</run_address>
         <size>0x20</size>
         <input_file_ref idref="fl-8f"/>
      </object_component>
      <object_component id="oc-72">
         <name>.text:_abort</name>
         <load_address>0xa5a0</load_address>
         <run_address>0xa5a0</run_address>
         <size>0x20</size>
         <input_file_ref idref="fl-82"/>
      </object_component>
      <object_component id="oc-57">
         <name>.text</name>
         <load_address>0xa5c0</load_address>
         <run_address>0xa5c0</run_address>
         <size>0x20</size>
         <input_file_ref idref="fl-8e"/>
      </object_component>
      <object_component id="oc-1c">
         <name>.text</name>
         <load_address>0xa5e0</load_address>
         <run_address>0xa5e0</run_address>
         <size>0x20</size>
         <input_file_ref idref="fl-4"/>
      </object_component>
      <object_component id="oc-58">
         <name>.cinit</name>
         <load_address>0xaa00</load_address>
         <run_address>0xaa00</run_address>
         <size>0x12c</size>
         <input_file_ref idref="fl-8e"/>
      </object_component>
      <object_component id="oc-10">
         <name>.cinit</name>
         <load_address>0xab30</load_address>
         <run_address>0xab30</run_address>
         <size>0x58</size>
         <input_file_ref idref="fl-2"/>
      </object_component>
      <object_component id="oc-5d">
         <name>.cinit</name>
         <load_address>0xab88</load_address>
         <run_address>0xab88</run_address>
         <size>0x54</size>
         <input_file_ref idref="fl-8f"/>
      </object_component>
      <object_component id="oc-4c">
         <name>.cinit</name>
         <load_address>0xabe0</load_address>
         <run_address>0xabe0</run_address>
         <size>0x30</size>
         <input_file_ref idref="fl-8c"/>
      </object_component>
      <object_component id="oc-26">
         <name>.cinit</name>
         <load_address>0xac10</load_address>
         <run_address>0xac10</run_address>
         <size>0x2c</size>
         <input_file_ref idref="fl-82"/>
      </object_component>
      <object_component id="oc-52">
         <name>.cinit</name>
         <load_address>0xac40</load_address>
         <run_address>0xac40</run_address>
         <size>0x28</size>
         <input_file_ref idref="fl-8d"/>
      </object_component>
      <object_component id="oc-16">
         <name>.cinit</name>
         <load_address>0xac68</load_address>
         <run_address>0xac68</run_address>
         <size>0x1c</size>
         <input_file_ref idref="fl-3"/>
      </object_component>
      <object_component id="oc-22">
         <name>.stack</name>
         <uninitialized>true</uninitialized>
         <run_address>0xa600</run_address>
         <size>0x8</size>
         <input_file_ref idref="fl-81"/>
      </object_component>
      <object_component id="oc-96">
         <name>.stack</name>
         <uninitialized>true</uninitialized>
         <run_address>0xa600</run_address>
         <size>0x0</size>
      </object_component>
      <object_component id="oc-47">
         <name>.const</name>
         <load_address>0xac8c</load_address>
         <run_address>0xac8c</run_address>
         <size>0x40</size>
         <input_file_ref idref="fl-8b"/>
      </object_component>
      <object_component id="oc-41">
         <name>.const</name>
         <load_address>0xaccc</load_address>
         <run_address>0xaccc</run_address>
         <size>0x20</size>
         <input_file_ref idref="fl-8a"/>
      </object_component>
      <object_component id="oc-11">
         <name>.far</name>
         <uninitialized>true</uninitialized>
         <run_address>0x8034</run_address>
         <size>0x54</size>
         <input_file_ref idref="fl-2"/>
      </object_component>
      <object_component id="oc-17">
         <name>.far</name>
         <uninitialized>true</uninitialized>
         <run_address>0x220</run_address>
         <size>0x7d20</size>
         <input_file_ref idref="fl-3"/>
      </object_component>
      <object_component id="oc-27">
         <name>.far</name>
         <uninitialized>true</uninitialized>
         <run_address>0x8108</run_address>
         <size>0xc</size>
         <input_file_ref idref="fl-82"/>
      </object_component>
      <object_component id="oc-40">
         <name>.far</name>
         <uninitialized>true</uninitialized>
         <run_address>0x811c</run_address>
         <size>0x2</size>
         <input_file_ref idref="fl-8a"/>
      </object_component>
      <object_component id="oc-46">
         <name>.far</name>
         <uninitialized>true</uninitialized>
         <run_address>0x8114</run_address>
         <size>0x8</size>
         <input_file_ref idref="fl-8b"/>
      </object_component>
      <object_component id="oc-4d">
         <name>.far</name>
         <uninitialized>true</uninitialized>
         <run_address>0x80c0</run_address>
         <size>0x28</size>
         <input_file_ref idref="fl-8c"/>
      </object_component>
      <object_component id="oc-53">
         <name>.far</name>
         <uninitialized>true</uninitialized>
         <run_address>0x80e8</run_address>
         <size>0x20</size>
         <input_file_ref idref="fl-8d"/>
      </object_component>
      <object_component id="oc-59">
         <name>.far</name>
         <uninitialized>true</uninitialized>
         <run_address>0x7f40</run_address>
         <size>0xf4</size>
         <input_file_ref idref="fl-8e"/>
      </object_component>
      <object_component id="oc-5e">
         <name>.far</name>
         <uninitialized>true</uninitialized>
         <run_address>0x8088</run_address>
         <size>0x38</size>
         <input_file_ref idref="fl-8f"/>
      </object_component>
      <object_component id="oc-f">
         <name>.debug_info</name>
         <load_address>0x0</load_address>
         <run_address>0x0</run_address>
         <size>0x140d</size>
         <input_file_ref idref="fl-2"/>
      </object_component>
      <object_component id="oc-15">
         <name>.debug_info</name>
         <load_address>0x140d</load_address>
         <run_address>0x140d</run_address>
         <size>0x94a</size>
         <input_file_ref idref="fl-3"/>
      </object_component>
      <object_component id="oc-1e">
         <name>.debug_info</name>
         <load_address>0x1d57</load_address>
         <run_address>0x1d57</run_address>
         <size>0xe5</size>
         <input_file_ref idref="fl-4"/>
      </object_component>
      <object_component id="oc-21">
         <name>.debug_info</name>
         <load_address>0x1e3c</load_address>
         <run_address>0x1e3c</run_address>
         <size>0x6f5</size>
         <input_file_ref idref="fl-81"/>
      </object_component>
      <object_component id="oc-25">
         <name>.debug_info</name>
         <load_address>0x2531</load_address>
         <run_address>0x2531</run_address>
         <size>0x7cf</size>
         <input_file_ref idref="fl-82"/>
      </object_component>
      <object_component id="oc-2a">
         <name>.debug_info</name>
         <load_address>0x2d00</load_address>
         <run_address>0x2d00</run_address>
         <size>0x636</size>
         <input_file_ref idref="fl-83"/>
      </object_component>
      <object_component id="oc-2d">
         <name>.debug_info</name>
         <load_address>0x3336</load_address>
         <run_address>0x3336</run_address>
         <size>0x649</size>
         <input_file_ref idref="fl-84"/>
      </object_component>
      <object_component id="oc-30">
         <name>.debug_info</name>
         <load_address>0x397f</load_address>
         <run_address>0x397f</run_address>
         <size>0x6cb</size>
         <input_file_ref idref="fl-85"/>
      </object_component>
      <object_component id="oc-33">
         <name>.debug_info</name>
         <load_address>0x404a</load_address>
         <run_address>0x404a</run_address>
         <size>0x841</size>
         <input_file_ref idref="fl-86"/>
      </object_component>
      <object_component id="oc-36">
         <name>.debug_info</name>
         <load_address>0x488b</load_address>
         <run_address>0x488b</run_address>
         <size>0x6b9</size>
         <input_file_ref idref="fl-87"/>
      </object_component>
      <object_component id="oc-39">
         <name>.debug_info</name>
         <load_address>0x4f44</load_address>
         <run_address>0x4f44</run_address>
         <size>0x7af</size>
         <input_file_ref idref="fl-88"/>
      </object_component>
      <object_component id="oc-3c">
         <name>.debug_info</name>
         <load_address>0x56f3</load_address>
         <run_address>0x56f3</run_address>
         <size>0x748</size>
         <input_file_ref idref="fl-89"/>
      </object_component>
      <object_component id="oc-43">
         <name>.debug_info</name>
         <load_address>0x5e3b</load_address>
         <run_address>0x5e3b</run_address>
         <size>0x8a7</size>
         <input_file_ref idref="fl-8a"/>
      </object_component>
      <object_component id="oc-49">
         <name>.debug_info</name>
         <load_address>0x66e2</load_address>
         <run_address>0x66e2</run_address>
         <size>0x89f</size>
         <input_file_ref idref="fl-8b"/>
      </object_component>
      <object_component id="oc-4f">
         <name>.debug_info</name>
         <load_address>0x6f81</load_address>
         <run_address>0x6f81</run_address>
         <size>0x929</size>
         <input_file_ref idref="fl-8c"/>
      </object_component>
      <object_component id="oc-55">
         <name>.debug_info</name>
         <load_address>0x78aa</load_address>
         <run_address>0x78aa</run_address>
         <size>0x5b3</size>
         <input_file_ref idref="fl-8d"/>
      </object_component>
      <object_component id="oc-5b">
         <name>.debug_info</name>
         <load_address>0x7e5d</load_address>
         <run_address>0x7e5d</run_address>
         <size>0xcc5</size>
         <input_file_ref idref="fl-8e"/>
      </object_component>
      <object_component id="oc-60">
         <name>.debug_info</name>
         <load_address>0x8b22</load_address>
         <run_address>0x8b22</run_address>
         <size>0xec5</size>
         <input_file_ref idref="fl-8f"/>
      </object_component>
      <object_component id="oc-62">
         <name>.debug_info</name>
         <load_address>0x99e7</load_address>
         <run_address>0x99e7</run_address>
         <size>0xc2</size>
         <input_file_ref idref="fl-90"/>
      </object_component>
      <object_component id="oc-97">
         <name>.debug_info</name>
         <load_address>0x9aa9</load_address>
         <run_address>0x9aa9</run_address>
         <size>0x6d</size>
      </object_component>
      <object_component id="oc-12">
         <name>.debug_frame</name>
         <load_address>0x0</load_address>
         <run_address>0x0</run_address>
         <size>0x3a0</size>
         <input_file_ref idref="fl-2"/>
      </object_component>
      <object_component id="oc-19">
         <name>.debug_frame</name>
         <load_address>0x3a0</load_address>
         <run_address>0x3a0</run_address>
         <size>0x2d7</size>
         <input_file_ref idref="fl-3"/>
      </object_component>
      <object_component id="oc-13">
         <name>.debug_line</name>
         <load_address>0x0</load_address>
         <run_address>0x0</run_address>
         <size>0x1bc</size>
         <input_file_ref idref="fl-2"/>
      </object_component>
      <object_component id="oc-1a">
         <name>.debug_line</name>
         <load_address>0x1bc</load_address>
         <run_address>0x1bc</run_address>
         <size>0x70</size>
         <input_file_ref idref="fl-3"/>
      </object_component>
      <object_component id="oc-1f">
         <name>.debug_line</name>
         <load_address>0x22c</load_address>
         <run_address>0x22c</run_address>
         <size>0xc8</size>
         <input_file_ref idref="fl-4"/>
      </object_component>
      <object_component id="oc-23">
         <name>.debug_line</name>
         <load_address>0x2f4</load_address>
         <run_address>0x2f4</run_address>
         <size>0x3d</size>
         <input_file_ref idref="fl-81"/>
      </object_component>
      <object_component id="oc-28">
         <name>.debug_line</name>
         <load_address>0x331</load_address>
         <run_address>0x331</run_address>
         <size>0x4f</size>
         <input_file_ref idref="fl-82"/>
      </object_component>
      <object_component id="oc-2b">
         <name>.debug_line</name>
         <load_address>0x380</load_address>
         <run_address>0x380</run_address>
         <size>0x3d</size>
         <input_file_ref idref="fl-83"/>
      </object_component>
      <object_component id="oc-2e">
         <name>.debug_line</name>
         <load_address>0x3bd</load_address>
         <run_address>0x3bd</run_address>
         <size>0x3d</size>
         <input_file_ref idref="fl-84"/>
      </object_component>
      <object_component id="oc-31">
         <name>.debug_line</name>
         <load_address>0x3fa</load_address>
         <run_address>0x3fa</run_address>
         <size>0x41</size>
         <input_file_ref idref="fl-85"/>
      </object_component>
      <object_component id="oc-34">
         <name>.debug_line</name>
         <load_address>0x43b</load_address>
         <run_address>0x43b</run_address>
         <size>0x47</size>
         <input_file_ref idref="fl-86"/>
      </object_component>
      <object_component id="oc-37">
         <name>.debug_line</name>
         <load_address>0x482</load_address>
         <run_address>0x482</run_address>
         <size>0x45</size>
         <input_file_ref idref="fl-87"/>
      </object_component>
      <object_component id="oc-3a">
         <name>.debug_line</name>
         <load_address>0x4c7</load_address>
         <run_address>0x4c7</run_address>
         <size>0x44</size>
         <input_file_ref idref="fl-88"/>
      </object_component>
      <object_component id="oc-3d">
         <name>.debug_line</name>
         <load_address>0x50b</load_address>
         <run_address>0x50b</run_address>
         <size>0x4e</size>
         <input_file_ref idref="fl-89"/>
      </object_component>
      <object_component id="oc-44">
         <name>.debug_line</name>
         <load_address>0x559</load_address>
         <run_address>0x559</run_address>
         <size>0xb2</size>
         <input_file_ref idref="fl-8a"/>
      </object_component>
      <object_component id="oc-4a">
         <name>.debug_line</name>
         <load_address>0x60b</load_address>
         <run_address>0x60b</run_address>
         <size>0x4f</size>
         <input_file_ref idref="fl-8b"/>
      </object_component>
      <object_component id="oc-50">
         <name>.debug_line</name>
         <load_address>0x65a</load_address>
         <run_address>0x65a</run_address>
         <size>0x7e</size>
         <input_file_ref idref="fl-8c"/>
      </object_component>
      <object_component id="oc-56">
         <name>.debug_line</name>
         <load_address>0x6d8</load_address>
         <run_address>0x6d8</run_address>
         <size>0x52</size>
         <input_file_ref idref="fl-8d"/>
      </object_component>
      <object_component id="oc-5c">
         <name>.debug_line</name>
         <load_address>0x72a</load_address>
         <run_address>0x72a</run_address>
         <size>0x109</size>
         <input_file_ref idref="fl-8e"/>
      </object_component>
      <object_component id="oc-61">
         <name>.debug_line</name>
         <load_address>0x833</load_address>
         <run_address>0x833</run_address>
         <size>0x141</size>
         <input_file_ref idref="fl-8f"/>
      </object_component>
      <object_component id="oc-63">
         <name>.debug_line</name>
         <load_address>0x974</load_address>
         <run_address>0x974</run_address>
         <size>0x48</size>
         <input_file_ref idref="fl-90"/>
      </object_component>
      <object_component id="oc-14">
         <name>.debug_abbrev</name>
         <load_address>0x0</load_address>
         <run_address>0x0</run_address>
         <size>0x18e</size>
         <input_file_ref idref="fl-2"/>
      </object_component>
      <object_component id="oc-1b">
         <name>.debug_abbrev</name>
         <load_address>0x18e</load_address>
         <run_address>0x18e</run_address>
         <size>0x128</size>
         <input_file_ref idref="fl-3"/>
      </object_component>
      <object_component id="oc-20">
         <name>.debug_abbrev</name>
         <load_address>0x2b6</load_address>
         <run_address>0x2b6</run_address>
         <size>0x20</size>
         <input_file_ref idref="fl-4"/>
      </object_component>
      <object_component id="oc-24">
         <name>.debug_abbrev</name>
         <load_address>0x2d6</load_address>
         <run_address>0x2d6</run_address>
         <size>0xfe</size>
         <input_file_ref idref="fl-81"/>
      </object_component>
      <object_component id="oc-29">
         <name>.debug_abbrev</name>
         <load_address>0x3d4</load_address>
         <run_address>0x3d4</run_address>
         <size>0x119</size>
         <input_file_ref idref="fl-82"/>
      </object_component>
      <object_component id="oc-2c">
         <name>.debug_abbrev</name>
         <load_address>0x4ed</load_address>
         <run_address>0x4ed</run_address>
         <size>0x98</size>
         <input_file_ref idref="fl-83"/>
      </object_component>
      <object_component id="oc-2f">
         <name>.debug_abbrev</name>
         <load_address>0x585</load_address>
         <run_address>0x585</run_address>
         <size>0x98</size>
         <input_file_ref idref="fl-84"/>
      </object_component>
      <object_component id="oc-32">
         <name>.debug_abbrev</name>
         <load_address>0x61d</load_address>
         <run_address>0x61d</run_address>
         <size>0xe1</size>
         <input_file_ref idref="fl-85"/>
      </object_component>
      <object_component id="oc-35">
         <name>.debug_abbrev</name>
         <load_address>0x6fe</load_address>
         <run_address>0x6fe</run_address>
         <size>0x13f</size>
         <input_file_ref idref="fl-86"/>
      </object_component>
      <object_component id="oc-38">
         <name>.debug_abbrev</name>
         <load_address>0x83d</load_address>
         <run_address>0x83d</run_address>
         <size>0xdd</size>
         <input_file_ref idref="fl-87"/>
      </object_component>
      <object_component id="oc-3b">
         <name>.debug_abbrev</name>
         <load_address>0x91a</load_address>
         <run_address>0x91a</run_address>
         <size>0x10c</size>
         <input_file_ref idref="fl-88"/>
      </object_component>
      <object_component id="oc-3e">
         <name>.debug_abbrev</name>
         <load_address>0xa26</load_address>
         <run_address>0xa26</run_address>
         <size>0xd5</size>
         <input_file_ref idref="fl-89"/>
      </object_component>
      <object_component id="oc-42">
         <name>.debug_abbrev</name>
         <load_address>0xafb</load_address>
         <run_address>0xafb</run_address>
         <size>0x196</size>
         <input_file_ref idref="fl-8a"/>
      </object_component>
      <object_component id="oc-48">
         <name>.debug_abbrev</name>
         <load_address>0xc91</load_address>
         <run_address>0xc91</run_address>
         <size>0x126</size>
         <input_file_ref idref="fl-8b"/>
      </object_component>
      <object_component id="oc-4e">
         <name>.debug_abbrev</name>
         <load_address>0xdb7</load_address>
         <run_address>0xdb7</run_address>
         <size>0x14e</size>
         <input_file_ref idref="fl-8c"/>
      </object_component>
      <object_component id="oc-54">
         <name>.debug_abbrev</name>
         <load_address>0xf05</load_address>
         <run_address>0xf05</run_address>
         <size>0xf1</size>
         <input_file_ref idref="fl-8d"/>
      </object_component>
      <object_component id="oc-5a">
         <name>.debug_abbrev</name>
         <load_address>0xff6</load_address>
         <run_address>0xff6</run_address>
         <size>0x1b7</size>
         <input_file_ref idref="fl-8e"/>
      </object_component>
      <object_component id="oc-5f">
         <name>.debug_abbrev</name>
         <load_address>0x11ad</load_address>
         <run_address>0x11ad</run_address>
         <size>0x1a3</size>
         <input_file_ref idref="fl-8f"/>
      </object_component>
      <object_component id="oc-64">
         <name>.debug_abbrev</name>
         <load_address>0x1350</load_address>
         <run_address>0x1350</run_address>
         <size>0x3a</size>
         <input_file_ref idref="fl-90"/>
      </object_component>
      <object_component id="oc-98">
         <name>.debug_abbrev</name>
         <load_address>0x138a</load_address>
         <run_address>0x138a</run_address>
         <size>0xd</size>
      </object_component>
   </object_component_list>
   <logical_group_list>
      <logical_group id="lg-2">
         <name>.EXT_RAM</name>
         <run_address>0x0</run_address>
         <size>0x0</size>
         <contents>
         </contents>
      </logical_group>
      <logical_group id="lg-3">
         <name>.vectors</name>
         <load_address>0x0</load_address>
         <run_address>0x0</run_address>
         <size>0x200</size>
         <contents>
            <object_component_ref idref="oc-1d"/>
         </contents>
      </logical_group>
      <logical_group id="lg-4">
         <name>.text</name>
         <load_address>0x8120</load_address>
         <run_address>0x8120</run_address>
         <size>0x24e0</size>
         <contents>
            <object_component_ref idref="oc-68"/>
            <object_component_ref idref="oc-3f"/>
            <object_component_ref idref="oc-45"/>
            <object_component_ref idref="oc-18"/>
            <object_component_ref idref="oc-6f"/>
            <object_component_ref idref="oc-76"/>
            <object_component_ref idref="oc-7f"/>
            <object_component_ref idref="oc-4b"/>
            <object_component_ref idref="oc-6c"/>
            <object_component_ref idref="oc-6d"/>
            <object_component_ref idref="oc-65"/>
            <object_component_ref idref="oc-6b"/>
            <object_component_ref idref="oc-67"/>
            <object_component_ref idref="oc-6e"/>
            <object_component_ref idref="oc-51"/>
            <object_component_ref idref="oc-71"/>
            <object_component_ref idref="oc-74"/>
            <object_component_ref idref="oc-6a"/>
            <object_component_ref idref="oc-80"/>
            <object_component_ref idref="oc-70"/>
            <object_component_ref idref="oc-e"/>
            <object_component_ref idref="oc-69"/>
            <object_component_ref idref="oc-7a"/>
            <object_component_ref idref="oc-77"/>
            <object_component_ref idref="oc-66"/>
            <object_component_ref idref="oc-73"/>
            <object_component_ref idref="oc-78"/>
            <object_component_ref idref="oc-79"/>
            <object_component_ref idref="oc-75"/>
            <object_component_ref idref="oc-7d"/>
            <object_component_ref idref="oc-7c"/>
            <object_component_ref idref="oc-7e"/>
            <object_component_ref idref="oc-7b"/>
            <object_component_ref idref="oc-72"/>
            <object_component_ref idref="oc-57"/>
            <object_component_ref idref="oc-1c"/>
         </contents>
      </logical_group>
      <logical_group id="lg-5">
         <name>.bss</name>
         <run_address>0x220</run_address>
         <size>0x0</size>
         <contents>
         </contents>
      </logical_group>
      <logical_group id="lg-6">
         <name>.cinit</name>
         <load_address>0xaa00</load_address>
         <run_address>0xaa00</run_address>
         <size>0x28c</size>
         <contents>
            <object_component_ref idref="oc-58"/>
            <object_component_ref idref="oc-10"/>
            <object_component_ref idref="oc-5d"/>
            <object_component_ref idref="oc-4c"/>
            <object_component_ref idref="oc-26"/>
            <object_component_ref idref="oc-52"/>
            <object_component_ref idref="oc-16"/>
         </contents>
      </logical_group>
      <logical_group id="lg-7">
         <name>.stack</name>
         <run_address>0xa600</run_address>
         <size>0x400</size>
         <contents>
            <object_component_ref idref="oc-22"/>
            <object_component_ref idref="oc-96"/>
         </contents>
      </logical_group>
      <logical_group id="lg-8">
         <name>.sysmem</name>
         <run_address>0x0</run_address>
         <size>0x0</size>
         <contents>
         </contents>
      </logical_group>
      <logical_group id="lg-9">
         <name>.const</name>
         <load_address>0xac8c</load_address>
         <run_address>0xac8c</run_address>
         <size>0x60</size>
         <contents>
            <object_component_ref idref="oc-47"/>
            <object_component_ref idref="oc-41"/>
         </contents>
      </logical_group>
      <logical_group id="lg-a">
         <name>.switch</name>
         <run_address>0x0</run_address>
         <size>0x0</size>
         <contents>
         </contents>
      </logical_group>
      <logical_group id="lg-b">
         <name>.far</name>
         <run_address>0x220</run_address>
         <size>0x7efe</size>
         <contents>
            <object_component_ref idref="oc-11"/>
            <object_component_ref idref="oc-17"/>
            <object_component_ref idref="oc-27"/>
            <object_component_ref idref="oc-40"/>
            <object_component_ref idref="oc-46"/>
            <object_component_ref idref="oc-4d"/>
            <object_component_ref idref="oc-53"/>
            <object_component_ref idref="oc-59"/>
            <object_component_ref idref="oc-5e"/>
         </contents>
      </logical_group>
      <logical_group id="lg-c">
         <name>.cio</name>
         <run_address>0x0</run_address>
         <size>0x0</size>
         <contents>
         </contents>
      </logical_group>
      <logical_group id="lg-d">
         <name>.csldata</name>
         <run_address>0x0</run_address>
         <size>0x0</size>
         <contents>
         </contents>
      </logical_group>
      <logical_group id="lg-8d">
         <name>.debug_info</name>
         <load_address>0x0</load_address>
         <run_address>0x0</run_address>
         <size>0x9b16</size>
         <contents>
            <object_component_ref idref="oc-f"/>
            <object_component_ref idref="oc-15"/>
            <object_component_ref idref="oc-1e"/>
            <object_component_ref idref="oc-21"/>
            <object_component_ref idref="oc-25"/>
            <object_component_ref idref="oc-2a"/>
            <object_component_ref idref="oc-2d"/>
            <object_component_ref idref="oc-30"/>
            <object_component_ref idref="oc-33"/>
            <object_component_ref idref="oc-36"/>
            <object_component_ref idref="oc-39"/>
            <object_component_ref idref="oc-3c"/>
            <object_component_ref idref="oc-43"/>
            <object_component_ref idref="oc-49"/>
            <object_component_ref idref="oc-4f"/>
            <object_component_ref idref="oc-55"/>
            <object_component_ref idref="oc-5b"/>
            <object_component_ref idref="oc-60"/>
            <object_component_ref idref="oc-62"/>
            <object_component_ref idref="oc-97"/>
         </contents>
      </logical_group>
      <logical_group id="lg-8f">
         <name>.debug_frame</name>
         <load_address>0x0</load_address>
         <run_address>0x0</run_address>
         <size>0x677</size>
         <contents>
            <object_component_ref idref="oc-12"/>
            <object_component_ref idref="oc-19"/>
         </contents>
      </logical_group>
      <logical_group id="lg-91">
         <name>.debug_line</name>
         <load_address>0x0</load_address>
         <run_address>0x0</run_address>
         <size>0x9bc</size>
         <contents>
            <object_component_ref idref="oc-13"/>
            <object_component_ref idref="oc-1a"/>
            <object_component_ref idref="oc-1f"/>
            <object_component_ref idref="oc-23"/>
            <object_component_ref idref="oc-28"/>
            <object_component_ref idref="oc-2b"/>
            <object_component_ref idref="oc-2e"/>
            <object_component_ref idref="oc-31"/>
            <object_component_ref idref="oc-34"/>
            <object_component_ref idref="oc-37"/>
            <object_component_ref idref="oc-3a"/>
            <object_component_ref idref="oc-3d"/>
            <object_component_ref idref="oc-44"/>
            <object_component_ref idref="oc-4a"/>
            <object_component_ref idref="oc-50"/>
            <object_component_ref idref="oc-56"/>
            <object_component_ref idref="oc-5c"/>
            <object_component_ref idref="oc-61"/>
            <object_component_ref idref="oc-63"/>
         </contents>
      </logical_group>
      <logical_group id="lg-93">
         <name>.debug_abbrev</name>
         <load_address>0x0</load_address>
         <run_address>0x0</run_address>
         <size>0x1397</size>
         <contents>
            <object_component_ref idref="oc-14"/>
            <object_component_ref idref="oc-1b"/>
            <object_component_ref idref="oc-20"/>
            <object_component_ref idref="oc-24"/>
            <object_component_ref idref="oc-29"/>
            <object_component_ref idref="oc-2c"/>
            <object_component_ref idref="oc-2f"/>
            <object_component_ref idref="oc-32"/>
            <object_component_ref idref="oc-35"/>
            <object_component_ref idref="oc-38"/>
            <object_component_ref idref="oc-3b"/>
            <object_component_ref idref="oc-3e"/>
            <object_component_ref idref="oc-42"/>
            <object_component_ref idref="oc-48"/>
            <object_component_ref idref="oc-4e"/>
            <object_component_ref idref="oc-54"/>
            <object_component_ref idref="oc-5a"/>
            <object_component_ref idref="oc-5f"/>
            <object_component_ref idref="oc-64"/>
            <object_component_ref idref="oc-98"/>
         </contents>
      </logical_group>
   </logical_group_list>
   <placement_map>
      <memory_area>
         <name>IVECS</name>
         <page_id>0x0</page_id>
         <origin>0x0</origin>
         <length>0x220</length>
         <used_space>0x200</used_space>
         <unused_space>0x20</unused_space>
         <attributes>RWIX</attributes>
         <usage_details>
            <allocated_space>
               <start_address>0x0</start_address>
               <size>0x200</size>
               <logical_group_ref idref="lg-3"/>
            </allocated_space>
            <available_space>
               <start_address>0x200</start_address>
               <size>0x20</size>
            </available_space>
         </usage_details>
      </memory_area>
      <memory_area>
         <name>IRAM</name>
         <page_id>0x0</page_id>
         <origin>0x220</origin>
         <length>0x2fde0</length>
         <used_space>0xaaca</used_space>
         <unused_space>0x25316</unused_space>
         <attributes>RWIX</attributes>
         <usage_details>
            <allocated_space>
               <start_address>0x220</start_address>
               <size>0x0</size>
               <logical_group_ref idref="lg-5"/>
            </allocated_space>
            <allocated_space>
               <start_address>0x220</start_address>
               <size>0x7efe</size>
               <logical_group_ref idref="lg-b"/>
            </allocated_space>
            <available_space>
               <start_address>0x811e</start_address>
               <size>0x2</size>
            </available_space>
            <allocated_space>
               <start_address>0x8120</start_address>
               <size>0x24e0</size>
               <logical_group_ref idref="lg-4"/>
            </allocated_space>
            <allocated_space>
               <start_address>0xa600</start_address>
               <size>0x400</size>
               <logical_group_ref idref="lg-7"/>
            </allocated_space>
            <allocated_space>
               <start_address>0xaa00</start_address>
               <size>0x28c</size>
               <logical_group_ref idref="lg-6"/>
            </allocated_space>
            <allocated_space>
               <start_address>0xac8c</start_address>
               <size>0x60</size>
               <logical_group_ref idref="lg-9"/>
            </allocated_space>
            <available_space>
               <start_address>0xacec</start_address>
               <size>0x25314</size>
            </available_space>
         </usage_details>
      </memory_area>
      <memory_area>
         <name>SDRAM</name>
         <page_id>0x0</page_id>
         <origin>0x80000000</origin>
         <length>0x1000000</length>
         <used_space>0x0</used_space>
         <unused_space>0x1000000</unused_space>
         <attributes>RWIX</attributes>
         <usage_details>
         </usage_details>
      </memory_area>
      <memory_area>
         <name>FLASH</name>
         <page_id>0x0</page_id>
         <origin>0x90000000</origin>
         <length>0x20000</length>
         <used_space>0x0</used_space>
         <unused_space>0x20000</unused_space>
         <attributes>RWIX</attributes>
         <usage_details>
         </usage_details>
      </memory_area>
   </placement_map>
   <symbol_table>
      <symbol id="sm-0">
         <name>cinit</name>
         <value>0xaa00</value>
      </symbol>
      <symbol id="sm-1">
         <name>___cinit__</name>
         <value>0xaa00</value>
      </symbol>
      <symbol id="sm-2">
         <name>pinit</name>
         <value>0xffffffff</value>
      </symbol>
      <symbol id="sm-3">
         <name>___pinit__</name>
         <value>0xffffffff</value>
      </symbol>
      <symbol id="sm-4">
         <name>binit</name>
         <value>0xffffffff</value>
      </symbol>
      <symbol id="sm-5">
         <name>___binit__</name>
         <value>0xffffffff</value>
      </symbol>
      <symbol id="sm-6">
         <name>__STACK_SIZE</name>
         <value>0x400</value>
      </symbol>
      <symbol id="sm-7">
         <name>__STACK_END</name>
         <value>0xaa00</value>
      </symbol>
      <symbol id="sm-8">
         <name>___c_args__</name>
         <value>0xffffffff</value>
      </symbol>
      <symbol id="sm-9">
         <name>.text</name>
         <value>0x8120</value>
      </symbol>
      <symbol id="sm-a">
         <name>___text__</name>
         <value>0x8120</value>
      </symbol>
      <symbol id="sm-b">
         <name>etext</name>
         <value>0xa600</value>
      </symbol>
      <symbol id="sm-c">
         <name>___etext__</name>
         <value>0xa600</value>
      </symbol>
      <symbol id="sm-d">
         <name>.bss</name>
         <value>0x220</value>
      </symbol>
      <symbol id="sm-e">
         <name>___bss__</name>
         <value>0x220</value>
      </symbol>
      <symbol id="sm-f">
         <name>end</name>
         <value>0x220</value>
      </symbol>
      <symbol id="sm-10">
         <name>___end__</name>
         <value>0x220</value>
      </symbol>
      <symbol id="sm-11">
         <name>___TI_pprof_out_hndl</name>
         <value>0xffffffff</value>
      </symbol>
      <symbol id="sm-12">
         <name>___TI_prof_data_start</name>
         <value>0xffffffff</value>
      </symbol>
      <symbol id="sm-13">
         <name>___TI_prof_data_size</name>
         <value>0xffffffff</value>
      </symbol>
      <symbol id="sm-14">
         <name>$bss</name>
         <value>0x220</value>
      </symbol>
      <symbol id="sm-7c">
         <name>_right_input</name>
         <value>0x864c</value>
         <object_component_ref idref="oc-68"/>
      </symbol>
      <symbol id="sm-7d">
         <name>_rx_ready</name>
         <value>0x8584</value>
         <object_component_ref idref="oc-68"/>
      </symbol>
      <symbol id="sm-7e">
         <name>_pwrap</name>
         <value>0x8794</value>
         <object_component_ref idref="oc-68"/>
      </symbol>
      <symbol id="sm-7f">
         <name>_audio_source</name>
         <value>0x8490</value>
         <object_component_ref idref="oc-68"/>
      </symbol>
      <symbol id="sm-80">
         <name>_qwrap</name>
         <value>0x880c</value>
         <object_component_ref idref="oc-68"/>
      </symbol>
      <symbol id="sm-81">
         <name>_tx_ready</name>
         <value>0x850c</value>
         <object_component_ref idref="oc-68"/>
      </symbol>
      <symbol id="sm-82">
         <name>_config</name>
         <value>0x8058</value>
         <object_component_ref idref="oc-11"/>
      </symbol>
      <symbol id="sm-83">
         <name>_sampling_rate</name>
         <value>0x82c0</value>
         <object_component_ref idref="oc-68"/>
      </symbol>
      <symbol id="sm-84">
         <name>_hcodec</name>
         <value>0x8080</value>
         <object_component_ref idref="oc-11"/>
      </symbol>
      <symbol id="sm-85">
         <name>_delay</name>
         <value>0x8874</value>
         <object_component_ref idref="oc-68"/>
      </symbol>
      <symbol id="sm-86">
         <name>_left_input</name>
         <value>0x85fc</value>
         <object_component_ref idref="oc-68"/>
      </symbol>
      <symbol id="sm-87">
         <name>_cfgdata32</name>
         <value>0x8038</value>
         <object_component_ref idref="oc-11"/>
      </symbol>
      <symbol id="sm-88">
         <name>_initialize</name>
         <value>0x8120</value>
         <object_component_ref idref="oc-68"/>
      </symbol>
      <symbol id="sm-89">
         <name>_codec</name>
         <value>0x8084</value>
         <object_component_ref idref="oc-11"/>
      </symbol>
      <symbol id="sm-8a">
         <name>_write_outputs</name>
         <value>0x8724</value>
         <object_component_ref idref="oc-68"/>
      </symbol>
      <symbol id="sm-8b">
         <name>_read_inputs</name>
         <value>0x86a0</value>
         <object_component_ref idref="oc-68"/>
      </symbol>
      <symbol id="sm-ab">
         <name>_main</name>
         <value>0x9fe0</value>
         <object_component_ref idref="oc-71"/>
      </symbol>
      <symbol id="sm-ac">
         <name>_yR</name>
         <value>0x226</value>
         <object_component_ref idref="oc-17"/>
      </symbol>
      <symbol id="sm-ad">
         <name>_yL</name>
         <value>0x224</value>
         <object_component_ref idref="oc-17"/>
      </symbol>
      <symbol id="sm-ae">
         <name>_xR</name>
         <value>0x222</value>
         <object_component_ref idref="oc-17"/>
      </symbol>
      <symbol id="sm-af">
         <name>_xL</name>
         <value>0x220</value>
         <object_component_ref idref="oc-17"/>
      </symbol>
      <symbol id="sm-b0">
         <name>_isr</name>
         <value>0x9060</value>
         <object_component_ref idref="oc-18"/>
      </symbol>
      <symbol id="sm-b1">
         <name>_fs</name>
         <value>0x228</value>
         <object_component_ref idref="oc-17"/>
      </symbol>
      <symbol id="sm-b2">
         <name>_y</name>
         <value>0x7f38</value>
         <object_component_ref idref="oc-17"/>
      </symbol>
      <symbol id="sm-b3">
         <name>_x</name>
         <value>0x7f34</value>
         <object_component_ref idref="oc-17"/>
      </symbol>
      <symbol id="sm-b4">
         <name>_w</name>
         <value>0x22c</value>
         <object_component_ref idref="oc-17"/>
      </symbol>
      <symbol id="sm-b5">
         <name>_p</name>
         <value>0x7f30</value>
         <object_component_ref idref="oc-17"/>
      </symbol>
      <symbol id="sm-b6">
         <name>_d</name>
         <value>0x7f3c</value>
         <object_component_ref idref="oc-17"/>
      </symbol>
      <symbol id="sm-c3">
         <name>_vector10</name>
         <value>0x140</value>
         <object_component_ref idref="oc-1d"/>
      </symbol>
      <symbol id="sm-c4">
         <name>_vector12</name>
         <value>0x180</value>
         <object_component_ref idref="oc-1d"/>
      </symbol>
      <symbol id="sm-c5">
         <name>_vector13</name>
         <value>0x1a0</value>
         <object_component_ref idref="oc-1d"/>
      </symbol>
      <symbol id="sm-c6">
         <name>_vector14</name>
         <value>0x1c0</value>
         <object_component_ref idref="oc-1d"/>
      </symbol>
      <symbol id="sm-c7">
         <name>_vector15</name>
         <value>0x1e0</value>
         <object_component_ref idref="oc-1d"/>
      </symbol>
      <symbol id="sm-c8">
         <name>_vectors</name>
         <value>0x0</value>
         <object_component_ref idref="oc-1d"/>
      </symbol>
      <symbol id="sm-c9">
         <name>_vector1</name>
         <value>0x20</value>
         <object_component_ref idref="oc-1d"/>
      </symbol>
      <symbol id="sm-ca">
         <name>_vector3</name>
         <value>0x60</value>
         <object_component_ref idref="oc-1d"/>
      </symbol>
      <symbol id="sm-cb">
         <name>_vector2</name>
         <value>0x40</value>
         <object_component_ref idref="oc-1d"/>
      </symbol>
      <symbol id="sm-cc">
         <name>_vector5</name>
         <value>0xa0</value>
         <object_component_ref idref="oc-1d"/>
      </symbol>
      <symbol id="sm-cd">
         <name>_vector4</name>
         <value>0x80</value>
         <object_component_ref idref="oc-1d"/>
      </symbol>
      <symbol id="sm-ce">
         <name>_vector7</name>
         <value>0xe0</value>
         <object_component_ref idref="oc-1d"/>
      </symbol>
      <symbol id="sm-cf">
         <name>_vector6</name>
         <value>0xc0</value>
         <object_component_ref idref="oc-1d"/>
      </symbol>
      <symbol id="sm-d0">
         <name>_vector9</name>
         <value>0x120</value>
         <object_component_ref idref="oc-1d"/>
      </symbol>
      <symbol id="sm-d1">
         <name>_vector8</name>
         <value>0x100</value>
         <object_component_ref idref="oc-1d"/>
      </symbol>
      <symbol id="sm-dd">
         <name>_c_int00</name>
         <value>0xa300</value>
         <object_component_ref idref="oc-e"/>
      </symbol>
      <symbol id="sm-de">
         <name>__stack</name>
         <value>0xa600</value>
         <object_component_ref idref="oc-22"/>
      </symbol>
      <symbol id="sm-ee">
         <name>C$$EXIT</name>
         <value>0xa5a0</value>
         <object_component_ref idref="oc-72"/>
      </symbol>
      <symbol id="sm-ef">
         <name>_exit</name>
         <value>0x9d80</value>
         <object_component_ref idref="oc-67"/>
      </symbol>
      <symbol id="sm-f0">
         <name>___TI_enable_exit_profile_output</name>
         <value>0x8110</value>
         <object_component_ref idref="oc-27"/>
      </symbol>
      <symbol id="sm-f1">
         <name>_abort</name>
         <value>0xa5a0</value>
         <object_component_ref idref="oc-72"/>
      </symbol>
      <symbol id="sm-f2">
         <name>__cleanup_ptr</name>
         <value>0x8108</value>
         <object_component_ref idref="oc-27"/>
      </symbol>
      <symbol id="sm-f3">
         <name>__dtors_ptr</name>
         <value>0x810c</value>
         <object_component_ref idref="oc-27"/>
      </symbol>
      <symbol id="sm-fd">
         <name>__fixfi</name>
         <value>0xa140</value>
         <object_component_ref idref="oc-6a"/>
      </symbol>
      <symbol id="sm-107">
         <name>__fltif</name>
         <value>0xa380</value>
         <object_component_ref idref="oc-69"/>
      </symbol>
      <symbol id="sm-111">
         <name>__args_main</name>
         <value>0xa460</value>
         <object_component_ref idref="oc-66"/>
      </symbol>
      <symbol id="sm-112">
         <name>__TI_args_main</name>
         <value>0x1</value>
      </symbol>
      <symbol id="sm-11c">
         <name>__auto_init</name>
         <value>0x9ba0</value>
         <object_component_ref idref="oc-65"/>
      </symbol>
      <symbol id="sm-126">
         <name>___TI_cpp_init</name>
         <value>0xa280</value>
         <object_component_ref idref="oc-70"/>
      </symbol>
      <symbol id="sm-130">
         <name>_copy_in</name>
         <value>0x9e60</value>
         <object_component_ref idref="oc-6e"/>
      </symbol>
      <symbol id="sm-13a">
         <name>_memcpy</name>
         <value>0x92c0</value>
         <object_component_ref idref="oc-6f"/>
      </symbol>
      <symbol id="sm-148">
         <name>_DSK6713_init</name>
         <value>0x892c</value>
         <object_component_ref idref="oc-3f"/>
      </symbol>
      <symbol id="sm-149">
         <name>_DSK6713_version</name>
         <value>0x811c</value>
         <object_component_ref idref="oc-40"/>
      </symbol>
      <symbol id="sm-14a">
         <name>_DSK6713_rget</name>
         <value>0x8c48</value>
         <object_component_ref idref="oc-3f"/>
      </symbol>
      <symbol id="sm-14b">
         <name>_DSK6713_wait</name>
         <value>0x8c70</value>
         <object_component_ref idref="oc-3f"/>
      </symbol>
      <symbol id="sm-14c">
         <name>_DSK6713_rset</name>
         <value>0x8c5c</value>
         <object_component_ref idref="oc-3f"/>
      </symbol>
      <symbol id="sm-14d">
         <name>_DSK6713_waitusec</name>
         <value>0x8cc8</value>
         <object_component_ref idref="oc-3f"/>
      </symbol>
      <symbol id="sm-14e">
         <name>_DSK6713_getVersion</name>
         <value>0x8cf4</value>
         <object_component_ref idref="oc-3f"/>
      </symbol>
      <symbol id="sm-15c">
         <name>_DSK6713_AIC23_codeccontrolhandle</name>
         <value>0x8114</value>
         <object_component_ref idref="oc-46"/>
      </symbol>
      <symbol id="sm-15d">
         <name>_DSK6713_AIC23_codecdatahandle</name>
         <value>0x8118</value>
         <object_component_ref idref="oc-46"/>
      </symbol>
      <symbol id="sm-15e">
         <name>_DSK6713_AIC23_openCodec</name>
         <value>0x8d60</value>
         <object_component_ref idref="oc-45"/>
      </symbol>
      <symbol id="sm-16c">
         <name>_DSK6713_AIC23_config</name>
         <value>0x9920</value>
         <object_component_ref idref="oc-4b"/>
      </symbol>
      <symbol id="sm-16d">
         <name>_DSK6713_AIC23_rget</name>
         <value>0x98f8</value>
         <object_component_ref idref="oc-4b"/>
      </symbol>
      <symbol id="sm-16e">
         <name>_DSK6713_AIC23_rset</name>
         <value>0x9860</value>
         <object_component_ref idref="oc-4b"/>
      </symbol>
      <symbol id="sm-17c">
         <name>_DSK6713_AIC23_setFreq</name>
         <value>0x9f20</value>
         <object_component_ref idref="oc-51"/>
      </symbol>
      <symbol id="sm-198">
         <name>__IRQ_eventTable</name>
         <value>0x7f68</value>
         <object_component_ref idref="oc-59"/>
      </symbol>
      <symbol id="sm-199">
         <name>_IRQ_nmiEnable</name>
         <value>0xa4e0</value>
         <object_component_ref idref="oc-79"/>
      </symbol>
      <symbol id="sm-19a">
         <name>_IRQ_reset</name>
         <value>0xa420</value>
         <object_component_ref idref="oc-77"/>
      </symbol>
      <symbol id="sm-19b">
         <name>__IRQ_intTable</name>
         <value>0x7fec</value>
         <object_component_ref idref="oc-59"/>
      </symbol>
      <symbol id="sm-19c">
         <name>_IRQ_globalEnable</name>
         <value>0xa4c0</value>
         <object_component_ref idref="oc-78"/>
      </symbol>
      <symbol id="sm-19d">
         <name>_IRQ_globalDisable</name>
         <value>0xa4a0</value>
         <object_component_ref idref="oc-73"/>
      </symbol>
      <symbol id="sm-19e">
         <name>_IRQ_map</name>
         <value>0x9500</value>
         <object_component_ref idref="oc-76"/>
      </symbol>
      <symbol id="sm-19f">
         <name>_IRQ_enable</name>
         <value>0xa3e0</value>
         <object_component_ref idref="oc-7a"/>
      </symbol>
      <symbol id="sm-1a0">
         <name>__IRQ_dispatchTable</name>
         <value>0x802c</value>
         <object_component_ref idref="oc-59"/>
      </symbol>
      <symbol id="sm-1a1">
         <name>__IRQ_hookFetchPacket</name>
         <value>0xa5c0</value>
         <object_component_ref idref="oc-57"/>
      </symbol>
      <symbol id="sm-1bf">
         <name>_MCBSP_reset</name>
         <value>0x96c0</value>
         <object_component_ref idref="oc-7f"/>
      </symbol>
      <symbol id="sm-1c0">
         <name>_MCBSP_read</name>
         <value>0xa520</value>
         <object_component_ref idref="oc-7d"/>
      </symbol>
      <symbol id="sm-1c1">
         <name>_MCBSP_getXmtEventId</name>
         <value>0xa500</value>
         <object_component_ref idref="oc-75"/>
      </symbol>
      <symbol id="sm-1c2">
         <name>_MCBSP_open</name>
         <value>0x99a0</value>
         <object_component_ref idref="oc-6c"/>
      </symbol>
      <symbol id="sm-1c3">
         <name>__MCBSP_hDev0</name>
         <value>0x80b8</value>
         <object_component_ref idref="oc-5e"/>
      </symbol>
      <symbol id="sm-1c4">
         <name>__MCBSP_hDev1</name>
         <value>0x80bc</value>
         <object_component_ref idref="oc-5e"/>
      </symbol>
      <symbol id="sm-1c5">
         <name>_MCBSP_start</name>
         <value>0x9aa0</value>
         <object_component_ref idref="oc-6d"/>
      </symbol>
      <symbol id="sm-1c6">
         <name>_MCBSP_rrdy</name>
         <value>0xa540</value>
         <object_component_ref idref="oc-7c"/>
      </symbol>
      <symbol id="sm-1c7">
         <name>_MCBSP_config</name>
         <value>0xa0a0</value>
         <object_component_ref idref="oc-74"/>
      </symbol>
      <symbol id="sm-1c8">
         <name>_MCBSP_xrdy</name>
         <value>0xa580</value>
         <object_component_ref idref="oc-7b"/>
      </symbol>
      <symbol id="sm-1c9">
         <name>_MCBSP_write</name>
         <value>0xa560</value>
         <object_component_ref idref="oc-7e"/>
      </symbol>
      <symbol id="sm-1d1">
         <name>__strasg</name>
         <value>0x9ca0</value>
         <object_component_ref idref="oc-6b"/>
      </symbol>
   </symbol_table>
</link_info>
